Component: ARM Compiler 5.06 update 6 (build 750) Tool: armlink [4d35ed]

==============================================================================

Section Cross References

    startup_stm32f446xx.o(STACK) refers (Special) to heapauxi.o(.text) for __use_two_region_memory
    startup_stm32f446xx.o(HEAP) refers (Special) to heapauxi.o(.text) for __use_two_region_memory
    startup_stm32f446xx.o(RESET) refers (Special) to heapauxi.o(.text) for __use_two_region_memory
    startup_stm32f446xx.o(RESET) refers to startup_stm32f446xx.o(STACK) for __initial_sp
    startup_stm32f446xx.o(RESET) refers to startup_stm32f446xx.o(.text) for Reset_Handler
    startup_stm32f446xx.o(RESET) refers to systick.o(i.SysTick_Handler) for SysTick_Handler
    startup_stm32f446xx.o(RESET) refers to main.o(i.EXTI2_IRQHandler) for EXTI2_IRQHandler
    startup_stm32f446xx.o(RESET) refers to main.o(i.EXTI4_IRQHandler) for EXTI4_IRQHandler
    startup_stm32f446xx.o(RESET) refers to uart.o(i.USART2_IRQHandler) for USART2_IRQHandler
    startup_stm32f446xx.o(.text) refers (Special) to heapauxi.o(.text) for __use_two_region_memory
    startup_stm32f446xx.o(.text) refers to __main.o(!!!main) for __main
    startup_stm32f446xx.o(.text) refers to startup_stm32f446xx.o(HEAP) for Heap_Mem
    startup_stm32f446xx.o(.text) refers to startup_stm32f446xx.o(STACK) for Stack_Mem
    buzzer.o(i.Buzzer_Init) refers to buzzer.o(i.Buzzer_Off) for Buzzer_Off
    fnd.o(i.Fnd_Display) refers to systick.o(i.SysTick_Delay) for SysTick_Delay
    fnd.o(i.Fnd_Display) refers to fnd.o(.data) for number
    fnd.o(i.Fnd_Display_dp) refers to systick.o(i.SysTick_Delay) for SysTick_Delay
    fnd.o(i.Fnd_Display_dp) refers to fnd.o(.data) for number_dp
    fnd.o(i.Fnd_Self_Test) refers to systick.o(i.SysTick_Delay) for SysTick_Delay
    fnd.o(i.Fnd_Self_Test) refers to fnd.o(.data) for fnd_sel
    fnd.o(i.Fnd_Zero) refers to main.o(.data) for digit3
    fnd.o(i.fnd_look) refers to main.o(.data) for digit3
    fnd.o(i.fnd_second) refers to systick.o(i.SysTick_Delay) for SysTick_Delay
    fnd.o(i.fnd_second) refers to main.o(.data) for segment_counter
    main.o(i.Buzzer_PlayCompleteSoun) refers to buzzer.o(i.Buzzer_On) for Buzzer_On
    main.o(i.Buzzer_PlayCompleteSoun) refers to util.o(i.TimeDelay) for TimeDelay
    main.o(i.Buzzer_PlayCompleteSoun) refers to buzzer.o(i.Buzzer_Off) for Buzzer_Off
    main.o(i.EXTI2_IRQHandler) refers to xprintf.o(i.xprintf) for xprintf
    main.o(i.EXTI2_IRQHandler) refers to main.o(.data) for state
    main.o(i.EXTI4_IRQHandler) refers to xprintf.o(i.xprintf) for xprintf
    main.o(i.EXTI4_IRQHandler) refers to main.o(i.reset_buffer) for reset_buffer
    main.o(i.EXTI4_IRQHandler) refers to led.o(i.Led_display) for Led_display
    main.o(i.EXTI4_IRQHandler) refers to main.o(.data) for state
    main.o(i.main) refers to sysclock.o(i.System_Clock_Init) for System_Clock_Init
    main.o(i.main) refers to systick.o(i.SysTick_Init) for SysTick_Init
    main.o(i.main) refers to led.o(i.Led_Initialize) for Led_Initialize
    main.o(i.main) refers to uart.o(i.UART_Initialize) for UART_Initialize
    main.o(i.main) refers to fnd.o(i.Fnd_Initialize) for Fnd_Initialize
    main.o(i.main) refers to buzzer.o(i.Buzzer_Init) for Buzzer_Init
    main.o(i.main) refers to push_button.o(i.pb_initialize) for pb_initialize
    main.o(i.main) refers to push_button.o(i.pb_interrupt_init) for pb_interrupt_init
    main.o(i.main) refers to xprintf.o(i.xprintf) for xprintf
    main.o(i.main) refers to main.o(i.reset_buffer) for reset_buffer
    main.o(i.main) refers to led.o(i.Led_display) for Led_display
    main.o(i.main) refers to fnd.o(i.Fnd_Zero) for Fnd_Zero
    main.o(i.main) refers to systick.o(i.GetTick) for GetTick
    main.o(i.main) refers to buzzer.o(i.Buzzer_SetFrequency) for Buzzer_SetFrequency
    main.o(i.main) refers to main.o(i.Buzzer_PlayCompleteSoun) for Buzzer_PlayCompleteSoun
    main.o(i.main) refers to uart.o(i.UART_xPutChar) for UART_xPutChar
    main.o(i.main) refers to xprintf.o(.data) for xfunc_output
    main.o(i.main) refers to uart.o(i.UART_xGetChar) for UART_xGetChar
    main.o(i.main) refers to main.o(.data) for state
    main.o(i.reset_buffer) refers to uart.o(i.xmemset) for xmemset
    main.o(i.reset_buffer) refers to main.o(.data) for USART2_Buffer_Rx
    push_button.o(i.pb_interrupt_init) refers to push_button.o(i.__NVIC_EnableIRQ) for __NVIC_EnableIRQ
    sysclock.o(i.SystemCoreClockUpdate) refers to sysclock.o(.data) for SystemCoreClock
    sysclock.o(i.SystemCoreClockUpdate) refers to sysclock.o(.constdata) for AHBPrescTable
    sysclock.o(i.System_Clock_Init) refers to sysclock.o(i.HAL_PWREx_EnableOverDrive) for HAL_PWREx_EnableOverDrive
    systick.o(i.GetTick) refers to systick.o(.data) for msTicks
    systick.o(i.SysTick_Delay) refers to systick.o(.data) for msTicks
    systick.o(i.SysTick_Handler) refers to fnd.o(i.Fnd_Display) for Fnd_Display
[...]
    uart.o(i.USART_putstring) refers to uart.o(i.UART_PutChar) for UART_PutChar
    xprintf.o(i.ftoa) refers to dleqf.o(x$fpl$dleqf) for __aeabi_cdcmple
    xprintf.o(i.ftoa) refers to basic.o(x$fpl$basic) for __aeabi_dneg
    xprintf.o(i.ftoa) refers to xprintf.o(i.i10x) for i10x
    xprintf.o(i.ftoa) refers to ddiv.o(x$fpl$ddiv) for __aeabi_ddiv
    xprintf.o(i.ftoa) refers to daddsub_clz.o(x$fpl$dadd) for __aeabi_dadd
    xprintf.o(i.ftoa) refers to xprintf.o(i.ilog10) for ilog10
    xprintf.o(i.ftoa) refers to deqf.o(x$fpl$deqf) for __aeabi_cdcmpeq
    xprintf.o(i.ftoa) refers to dfix.o(x$fpl$dfix) for __aeabi_d2iz
    xprintf.o(i.ftoa) refers to dflt_clz.o(x$fpl$dflt) for __aeabi_i2d
    xprintf.o(i.ftoa) refers to dmul.o(x$fpl$dmul) for __aeabi_dmul
    xprintf.o(i.ftoa) refers to daddsub_clz.o(x$fpl$drsb) for __aeabi_drsub
    xprintf.o(i.i10x) refers to dmul.o(x$fpl$dmul) for __aeabi_dmul
    xprintf.o(i.i10x) refers to ddiv.o(x$fpl$ddiv) for __aeabi_ddiv
    xprintf.o(i.ilog10) refers to drleqf.o(x$fpl$drleqf) for __aeabi_cdrcmple
    xprintf.o(i.ilog10) refers to ddiv.o(x$fpl$ddiv) for __aeabi_ddiv
    xprintf.o(i.ilog10) refers to dleqf.o(x$fpl$dleqf) for __aeabi_cdcmple
    xprintf.o(i.ilog10) refers to dmul.o(x$fpl$dmul) for __aeabi_dmul
    xprintf.o(i.xatof) refers to dflt_clz.o(x$fpl$dfltu) for __aeabi_ui2d
    xprintf.o(i.xatof) refers to dmul.o(x$fpl$dmul) for __aeabi_dmul
    xprintf.o(i.xatof) refers to daddsub_clz.o(x$fpl$dadd) for __aeabi_dadd
    xprintf.o(i.xatof) refers to xprintf.o(i.i10x) for i10x
    xprintf.o(i.xatof) refers to basic.o(x$fpl$basic) for __aeabi_dneg
    xprintf.o(i.xfprintf) refers to xprintf.o(i.xvfprintf) for xvfprintf
    xprintf.o(i.xfputc) refers to xprintf.o(.data) for strptr
    xprintf.o(i.xfputs) refers to xprintf.o(i.xfputc) for xfputc
    xprintf.o(i.xgets) refers to xprintf.o(i.xputc) for xputc
    xprintf.o(i.xgets) refers to xprintf.o(.data) for xfunc_input
    xprintf.o(i.xprintf) refers to xprintf.o(i.xvfprintf) for xvfprintf
    xprintf.o(i.xprintf) refers to xprintf.o(.data) for xfunc_output
    xprintf.o(i.xputc) refers to xprintf.o(i.xfputc) for xfputc
    xprintf.o(i.xputc) refers to xprintf.o(.data) for xfunc_output
    xprintf.o(i.xputs) refers to xprintf.o(i.xfputs) for xfputs
    xprintf.o(i.xputs) refers to xprintf.o(.data) for xfunc_output
    xprintf.o(i.xsprintf) refers to xprintf.o(i.xvfprintf) for xvfprintf
    xprintf.o(i.xsprintf) refers to xprintf.o(.data) for strptr
    xprintf.o(i.xvfprintf) refers to xprintf.o(i.xfputc) for xfputc
    xprintf.o(i.xvfprintf) refers to strlen.o(.text) for strlen
    xprintf.o(i.xvfprintf) refers to xprintf.o(i.ftoa) for ftoa
    __main.o(!!!main) refers to __rtentry.o(.ARM.Collect$$rtentry$$00000000) for __rt_entry
    basic.o(x$fpl$basic) refers (Special) to usenofp.o(x$fpl$usenofp) for __I$use$fp
    daddsub_clz.o(x$fpl$dadd) refers (Special) to usenofp.o(x$fpl$usenofp) for __I$use$fp
    daddsub_clz.o(x$fpl$dadd) refers to daddsub_clz.o(x$fpl$dsub) for _dsub1
    daddsub_clz.o(x$fpl$dadd) refers to dretinf.o(x$fpl$dretinf) for __fpl_dretinf
    daddsub_clz.o(x$fpl$dadd) refers to dnaninf.o(x$fpl$dnaninf) for __fpl_dnaninf
    daddsub_clz.o(x$fpl$drsb) refers (Special) to usenofp.o(x$fpl$usenofp) for __I$use$fp
    daddsub_clz.o(x$fpl$drsb) refers to daddsub_clz.o(x$fpl$dadd) for _dadd1
    daddsub_clz.o(x$fpl$drsb) refers to daddsub_clz.o(x$fpl$dsub) for _dsub1
    daddsub_clz.o(x$fpl$dsub) refers (Special) to usenofp.o(x$fpl$usenofp) for __I$use$fp
    daddsub_clz.o(x$fpl$dsub) refers to daddsub_clz.o(x$fpl$dadd) for _dadd1
    daddsub_clz.o(x$fpl$dsub) refers to dnaninf.o(x$fpl$dnaninf) for __fpl_dnaninf
    ddiv.o(x$fpl$drdiv) refers (Special) to usenofp.o(x$fpl$usenofp) for __I$use$fp
    ddiv.o(x$fpl$drdiv) refers to ddiv.o(x$fpl$ddiv) for ddiv_entry
    ddiv.o(x$fpl$ddiv) refers (Special) to usenofp.o(x$fpl$usenofp) for __I$use$fp
    ddiv.o(x$fpl$ddiv) refers to dretinf.o(x$fpl$dretinf) for __fpl_dretinf
    ddiv.o(x$fpl$ddiv) refers to dnaninf.o(x$fpl$dnaninf) for __fpl_dnaninf
    deqf.o(x$fpl$deqf) refers (Special) to usenofp.o(x$fpl$usenofp) for __I$use$fp
    deqf.o(x$fpl$deqf) refers to dnaninf.o(x$fpl$dnaninf) for __fpl_dnaninf
    deqf.o(x$fpl$deqf) refers to dcmpi.o(x$fpl$dcmpinf) for __fpl_dcmp_Inf
    dfix.o(x$fpl$dfix) refers (Special) to usenofp.o(x$fpl$usenofp) for __I$use$fp
    dfix.o(x$fpl$dfix) refers to dnaninf.o(x$fpl$dnaninf) for __fpl_dnaninf
    dfix.o(x$fpl$dfixr) refers (Special) to usenofp.o(x$fpl$usenofp) for __I$use$fp
    dfix.o(x$fpl$dfixr) refers to dnaninf.o(x$fpl$dnaninf) for __fpl_dnaninf
    dflt_clz.o(x$fpl$dfltu) refers (Special) to usenofp.o(x$fpl$usenofp) for __I$use$fp
    dflt_clz.o(x$fpl$dflt) refers (Special) to usenofp.o(x$fpl$usenofp) for __I$use$fp
    dflt_clz.o(x$fpl$dfltn) refers (Special) to usenofp.o(x$fpl$usenofp) for __I$use$fp
    dleqf.o(x$fpl$dleqf) refers (Special) to usenofp.o(x$fpl$usenofp) for __I$use$fp
    dleqf.o(x$fpl$dleqf) refers to dnaninf.o(x$fpl$dnaninf) for __fpl_dnaninf
    dleqf.o(x$fpl$dleqf) refers to dcmpi.o(x$fpl$dcmpinf) for __fpl_dcmp_Inf
    dmul.o(x$fpl$dmul) refers (Special) to usenofp.o(x$fpl$usenofp) for __I$use$fp
    dmul.o(x$fpl$dmul) refers to dretinf.o(x$fpl$dretinf) for __fpl_dretinf
    dmul.o(x$fpl$dmul) refers to dnaninf.o(x$fpl$dnaninf) for __fpl_dnaninf
    drleqf.o(x$fpl$drleqf) refers (Special) to usenofp.o(x$fpl$usenofp) for __I$use$fp
    drleqf.o(x$fpl$drleqf) refers to dleqf.o(x$fpl$dleqf) for __fpl_dcmple_InfNaN
    __rtentry.o(.ARM.Collect$$rtentry$$00000000) refers (Special) to __rtentry2.o(.ARM.Collect$$rtentry$$0000000A) for __rt_entry_li
    __rtentry.o(.ARM.Collect$$rtentry$$00000000) refers (Special) to __rtentry2.o(.ARM.Collect$$rtentry$$0000000D) for __rt_entry_main
    __rtentry.o(.ARM.Collect$$rtentry$$00000000) refers (Special) to __rtentry2.o(.ARM.Collect$$rtentry$$0000000C) for __rt_entry_postli_1
    __rtentry.o(.ARM.Collect$$rtentry$$00000000) refers (Special) to __rtentry2.o(.ARM.Collect$$rtentry$$00000009) for __rt_entry_postsh_1
    __rtentry.o(.ARM.Collect$$rtentry$$00000000) refers (Special) to __rtentry2.o(.ARM.Collect$$rtentry$$00000002) for __rt_entry_presh_1
    __rtentry.o(.ARM.Collect$$rtentry$$00000000) refers (Special) to __rtentry4.o(.ARM.Collect$$rtentry$$00000004) for __rt_entry_sh
    dcmpi.o(x$fpl$dcmpinf) refers (Special) to usenofp.o(x$fpl$usenofp) for __I$use$fp
    dnaninf.o(x$fpl$dnaninf) refers (Special) to usenofp.o(x$fpl$usenofp) for __I$use$fp
    dretinf.o(x$fpl$dretinf) refers (Special) to usenofp.o(x$fpl$usenofp) for __I$use$fp
    __rtentry2.o(.ARM.Collect$$rtentry$$00000008) refers to boardinit2.o(.text) for _platform_post_stackheap_init
    __rtentry2.o(.ARM.Collect$$rtentry$$0000000A) refers to libinit.o(.ARM.Collect$$libinit$$00000000) for __rt_lib_init
    __rtentry2.o(.ARM.Collect$$rtentry$$0000000B) refers to boardinit3.o(.text) for _platform_post_lib_init
    __rtentry2.o(.ARM.Collect$$rtentry$$0000000D) refers to main.o(i.main) for main
    __rtentry2.o(.ARM.Collect$$rtentry$$0000000D) refers to exit.o(.text) for exit
    __rtentry2.o(.ARM.exidx) refers to __rtentry2.o(.ARM.Collect$$rtentry$$00000001) for .ARM.Collect$$rtentry$$00000001
    __rtentry2.o(.ARM.exidx) refers to __rtentry2.o(.ARM.Collect$$rtentry$$00000008) for .ARM.Collect$$rtentry$$00000008
    __rtentry2.o(.ARM.exidx) refers to __rtentry2.o(.ARM.Collect$$rtentry$$0000000A) for .ARM.Collect$$rtentry$$0000000A
    __rtentry2.o(.ARM.exidx) refers to __rtentry2.o(.ARM.Collect$$rtentry$$0000000B) for .ARM.Collect$$rtentry$$0000000B
    __rtentry2.o(.ARM.exidx) refers to __rtentry2.o(.ARM.Collect$$rtentry$$0000000D) for .ARM.Collect$$rtentry$$0000000D
    __rtentry4.o(.ARM.Collect$$rtentry$$00000004) refers to sys_stackheap_outer.o(.text) for __user_setup_stackheap
    __rtentry4.o(.ARM.exidx) refers to __rtentry4.o(.ARM.Collect$$rtentry$$00000004) for .ARM.Collect$$rtentry$$00000004
    sys_stackheap_outer.o(.text) refers to libspace.o(.text) for __user_perproc_libspace
    sys_stackheap_outer.o(.text) refers to startup_stm32f446xx.o(.text) for __user_initial_stackheap
    exit.o(.text) refers to rtexit.o(.ARM.Collect$$rtexit$$00000000) for __rt_exit
    libinit.o(.ARM.Collect$$libinit$$00000000) refers (Special) to libinit2.o(.ARM.Collect$$libinit$$0000002E) for __rt_lib_init_alloca_1
    libinit.o(.ARM.Collect$$libinit$$00000000) refers (Special) to libinit2.o(.ARM.Collect$$libinit$$0000002C) for __rt_lib_init_argv_1
    libinit.o(.ARM.Collect$$libinit$$00000000) refers (Special) to libinit2.o(.ARM.Collect$$libinit$$0000001B) for __rt_lib_init_atexit_1
    libinit.o(.ARM.Collect$$libinit$$00000000) refers (Special) to libinit2.o(.ARM.Collect$$libinit$$00000021) for __rt_lib_init_clock_1
    libinit.o(.ARM.Collect$$libinit$$00000000) refers (Special) to libinit2.o(.ARM.Collect$$libinit$$00000032) for __rt_lib_init_cpp_1
    libinit.o(.ARM.Collect$$libinit$$00000000) refers (Special) to libinit2.o(.ARM.Collect$$libinit$$00000030) for __rt_lib_init_exceptions_1
    libinit.o(.ARM.Collect$$libinit$$00000000) refers (Special) to libinit2.o(.ARM.Collect$$libinit$$00000001) for __rt_lib_init_fp_1
    libinit.o(.ARM.Collect$$libinit$$00000000) refers (Special) to libinit2.o(.ARM.Collect$$libinit$$0000001F) for __rt_lib_init_fp_trap_1
    libinit.o(.ARM.Collect$$libinit$$00000000) refers (Special) to libinit2.o(.ARM.Collect$$libinit$$00000023) for __rt_lib_init_getenv_1
    libinit.o(.ARM.Collect$$libinit$$00000000) refers (Special) to libinit2.o(.ARM.Collect$$libinit$$0000000A) for __rt_lib_init_heap_1
    libinit.o(.ARM.Collect$$libinit$$00000000) refers (Special) to libinit2.o(.ARM.Collect$$libinit$$00000011) for __rt_lib_init_lc_collate_1
    libinit.o(.ARM.Collect$$libinit$$00000000) refers (Special) to libinit2.o(.ARM.Collect$$libinit$$00000013) for __rt_lib_init_lc_ctype_1
    libinit.o(.ARM.Collect$$libinit$$00000000) refers (Special) to libinit2.o(.ARM.Collect$$libinit$$00000015) for __rt_lib_init_lc_monetary_1
    libinit.o(.ARM.Collect$$libinit$$00000000) refers (Special) to libinit2.o(.ARM.Collect$$libinit$$00000017) for __rt_lib_init_lc_numeric_1
    libinit.o(.ARM.Collect$$libinit$$00000000) refers (Special) to libinit2.o(.ARM.Collect$$libinit$$00000019) for __rt_lib_init_lc_time_1
    libinit.o(.ARM.Collect$$libinit$$00000000) refers (Special) to libinit2.o(.ARM.Collect$$libinit$$00000004) for __rt_lib_init_preinit_1
    libinit.o(.ARM.Collect$$libinit$$00000000) refers (Special) to libinit2.o(.ARM.Collect$$libinit$$0000000E) for __rt_lib_init_rand_1
    libinit.o(.ARM.Collect$$libinit$$00000000) refers (Special) to libinit2.o(.ARM.Collect$$libinit$$00000033) for __rt_lib_init_return
    libinit.o(.ARM.Collect$$libinit$$00000000) refers (Special) to libinit2.o(.ARM.Collect$$libinit$$0000001D) for __rt_lib_init_signal_1
    libinit.o(.ARM.Collect$$libinit$$00000000) refers (Special) to libinit2.o(.ARM.Collect$$libinit$$00000025) for __rt_lib_init_stdio_1
    libinit.o(.ARM.Collect$$libinit$$00000000) refers (Special) to libinit2.o(.ARM.Collect$$libinit$$0000000C) for __rt_lib_init_user_alloc_1
    libspace.o(.text) refers to libspace.o(.bss) for __libspace_start
    rtexit.o(.ARM.Collect$$rtexit$$00000000) refers (Special) to rtexit2.o(.ARM.Collect$$rtexit$$00000004) for __rt_exit_exit
    rtexit.o(.ARM.Collect$$rtexit$$00000000) refers (Special) to rtexit2.o(.ARM.Collect$$rtexit$$00000003) for __rt_exit_ls
    rtexit.o(.ARM.Collect$$rtexit$$00000000) refers (Special) to rtexit2.o(.ARM.Collect$$rtexit$$00000002) for __rt_exit_prels_1
    rtexit.o(.ARM.exidx) refers (Special) to rtexit2.o(.ARM.Collect$$rtexit$$00000004) for __rt_exit_exit
    rtexit.o(.ARM.exidx) refers (Special) to rtexit2.o(.ARM.Collect$$rtexit$$00000003) for __rt_exit_ls
    rtexit.o(.ARM.exidx) refers (Special) to rtexit2.o(.ARM.Collect$$rtexit$$00000002) for __rt_exit_prels_1
    rtexit.o(.ARM.exidx) refers to rtexit.o(.ARM.Collect$$rtexit$$00000000) for .ARM.Collect$$rtexit$$00000000
    libinit2.o(.ARM.Collect$$libinit$$00000001) refers to fpinit.o(x$fpl$fpinit) for _fp_init
    libinit2.o(.ARM.Collect$$libinit$$00000010) refers to libinit2.o(.ARM.Collect$$libinit$$0000000F) for .ARM.Collect$$libinit$$0000000F
    libinit2.o(.ARM.Collect$$libinit$$00000012) refers to libinit2.o(.ARM.Collect$$libinit$$0000000F) for .ARM.Collect$$libinit$$0000000F
    libinit2.o(.ARM.Collect$$libinit$$00000014) refers to libinit2.o(.ARM.Collect$$libinit$$0000000F) for .ARM.Collect$$libinit$$0000000F
    libinit2.o(.ARM.Collect$$libinit$$00000016) refers to libinit2.o(.ARM.Collect$$libinit$$0000000F) for .ARM.Collect$$libinit$$0000000F
    libinit2.o(.ARM.Collect$$libinit$$00000018) refers to libinit2.o(.ARM.Collect$$libinit$$0000000F) for .ARM.Collect$$libinit$$0000000F
    libinit2.o(.ARM.Collect$$libinit$$00000026) refers to argv_veneer.o(.emb_text) for __ARM_argv_veneer
    libinit2.o(.ARM.Collect$$libinit$$00000027) refers to argv_veneer.o(.emb_text) for __ARM_argv_veneer
    rtexit2.o(.ARM.Collect$$rtexit$$00000003) refers to libshutdown.o(.ARM.Collect$$libshutdown$$00000000) for __rt_lib_shutdown
    rtexit2.o(.ARM.Collect$$rtexit$$00000004) refers to sys_exit.o(.text) for _sys_exit
    rtexit2.o(.ARM.exidx) refers to rtexit2.o(.ARM.Collect$$rtexit$$00000001) for .ARM.Collect$$rtexit$$00000001
    rtexit2.o(.ARM.exidx) refers to rtexit2.o(.ARM.Collect$$rtexit$$00000003) for .ARM.Collect$$rtexit$$00000003
    rtexit2.o(.ARM.exidx) refers to rtexit2.o(.ARM.Collect$$rtexit$$00000004) for .ARM.Collect$$rtexit$$00000004
    argv_veneer.o(.emb_text) refers to no_argv.o(.text) for __ARM_get_argv
    sys_exit.o(.text) refers (Special) to use_no_semi.o(.text) for __I$use$semihosting
    sys_exit.o(.text) refers (Special) to indicate_semi.o(.text) for __semihosting_library_function
    _get_argv_nomalloc.o(.text) refers (Special) to hrguard.o(.text) for __heap_region$guard
    _get_argv_nomalloc.o(.text) refers to defsig_rtmem_outer.o(.text) for __rt_SIGRTMEM
    _get_argv_nomalloc.o(.text) refers to sys_command.o(.text) for _sys_command_string
    libshutdown.o(.ARM.Collect$$libshutdown$$00000000) refers (Special) to libshutdown2.o(.ARM.Collect$$libshutdown$$00000002) for __rt_lib_shutdown_cpp_1
    libshutdown.o(.ARM.Collect$$libshutdown$$00000000) refers (Special) to libshutdown2.o(.ARM.Collect$$libshutdown$$00000007) for __rt_lib_shutdown_fp_trap_1
    libshutdown.o(.ARM.Collect$$libshutdown$$00000000) refers (Special) to libshutdown2.o(.ARM.Collect$$libshutdown$$0000000F) for __rt_lib_shutdown_heap_1
    libshutdown.o(.ARM.Collect$$libshutdown$$00000000) refers (Special) to libshutdown2.o(.ARM.Collect$$libshutdown$$00000010) for __rt_lib_shutdown_return
    libshutdown.o(.ARM.Collect$$libshutdown$$00000000) refers (Special) to libshutdown2.o(.ARM.Collect$$libshutdown$$0000000A) for __rt_lib_shutdown_signal_1
    libshutdown.o(.ARM.Collect$$libshutdown$$00000000) refers (Special) to libshutdown2.o(.ARM.Collect$$libshutdown$$00000004) for __rt_lib_shutdown_stdio_1
    libshutdown.o(.ARM.Collect$$libshutdown$$00000000) refers (Special) to libshutdown2.o(.ARM.Collect$$libshutdown$$0000000C) for __rt_lib_shutdown_user_alloc_1
    sys_command.o(.text) refers (Special) to use_no_semi.o(.text) for __I$use$semihosting
    sys_command.o(.text) refers (Special) to indicate_semi.o(.text) for __semihosting_library_function
    defsig_rtmem_outer.o(.text) refers to defsig_rtmem_inner.o(.text) for __rt_SIGRTMEM_inner
    defsig_rtmem_outer.o(.text) refers to defsig_exit.o(.text) for __sig_exit
    defsig_rtmem_formal.o(.text) refers to rt_raise.o(.text) for __rt_raise
    rt_raise.o(.text) refers to __raise.o(.text) for __raise
    rt_raise.o(.text) refers to sys_exit.o(.text) for _sys_exit
    defsig_exit.o(.text) refers to sys_exit.o(.text) for _sys_exit
    defsig_rtmem_inner.o(.text) refers to defsig_general.o(.text) for __default_signal_display
    __raise.o(.text) refers to defsig.o(CL$$defsig) for __default_signal_handler
    defsig_general.o(.text) refers to sys_wrch.o(.text) for _ttywrch
    sys_wrch.o(.text) refers (Special) to use_no_semi.o(.text) for __I$use$semihosting
    sys_wrch.o(.text) refers (Special) to indicate_semi.o(.text) for __semihosting_library_function
    defsig.o(CL$$defsig) refers to defsig_rtmem_inner.o(.text) for __rt_SIGRTMEM_inner
    defsig_abrt_inner.o(.text) refers to defsig_general.o(.text) for __default_signal_display
    defsig_fpe_inner.o(.text) refers to defsig_general.o(.text) for __default_signal_display
    defsig_rtred_inner.o(.text) refers to defsig_general.o(.text) for __default_signal_display
    defsig_stak_inner.o(.text) refers to defsig_general.o(.text) for __default_signal_display
    defsig_pvfn_inner.o(.text) refers to defsig_general.o(.text) for __default_signal_display
    defsig_cppl_inner.o(.text) refers to defsig_general.o(.text) for __default_signal_display
    defsig_segv_inner.o(.text) refers to defsig_general.o(.text) for __default_signal_display
    defsig_other.o(.text) refers to defsig_general.o(.text) for __default_signal_display


==============================================================================

Removing Unused input sections from the image.

    Removing buzzer.o(.rev16_text), (4 bytes).
    Removing buzzer.o(.revsh_text), (4 bytes).
    Removing buzzer.o(.rrx_text), (6 bytes).
    Removing fnd.o(.rev16_text), (4 bytes).
    Removing fnd.o(.revsh_text), (4 bytes).
    Removing fnd.o(.rrx_text), (6 bytes).
    Removing fnd.o(i.Fnd_Self_Test), (212 bytes).
    Removing fnd.o(i.fnd_look), (88 bytes).
    Removing fnd.o(i.fnd_second), (116 bytes).
    Removing led.o(.rev16_text), (4 bytes).
    Removing led.o(.revsh_text), (4 bytes).
    Removing led.o(.rrx_text), (6 bytes).
    Removing main.o(.rev16_text), (4 bytes).
    Removing main.o(.revsh_text), (4 bytes).
    Removing main.o(.rrx_text), (6 bytes).
    Removing main.o(.bss), (100 bytes).
    Removing push_button.o(.rev16_text), (4 bytes).
    Removing push_button.o(.revsh_text), (4 bytes).
    Removing push_button.o(.rrx_text), (6 bytes).
    Removing sysclock.o(.rev16_text), (4 bytes).
    Removing sysclock.o(.revsh_text), (4 bytes).
    Removing sysclock.o(.rrx_text), (6 bytes).
    Removing sysclock.o(i.SystemCoreClockUpdate), (192 bytes).
    Removing sysclock.o(.constdata), (24 bytes).
    Removing sysclock.o(.data), (4 bytes).
    Removing systick.o(.rev16_text), (4 bytes).
    Removing systick.o(.revsh_text), (4 bytes).
    Removing systick.o(.rrx_text), (6 bytes).
    Removing uart.o(.rev16_text), (4 bytes).
    Removing uart.o(.revsh_text), (4 bytes).
    Removing uart.o(.rrx_text), (6 bytes).
    Removing uart.o(i.UART_GetChar), (18 bytes).
    Removing uart.o(i.UART_PutChar), (22 bytes).
    Removing uart.o(i.USART_atoh), (48 bytes).
    Removing uart.o(i.USART_getch_echo), (24 bytes).
    Removing uart.o(i.USART_gethex_byte), (48 bytes).
    Removing uart.o(i.USART_gethex_byte_echo), (48 bytes).
    Removing uart.o(i.USART_gethex_halfword_echo), (30 bytes).
    Removing uart.o(i.USART_gethex_word_echo), (54 bytes).
    Removing uart.o(i.USART_puthex_byte), (40 bytes).
    Removing uart.o(i.USART_puthex_halfword), (24 bytes).
    Removing uart.o(i.USART_puthex_word), (44 bytes).
    Removing uart.o(i.USART_putstring), (40 bytes).
    Removing uart.o(.data), (17 bytes).
    Removing xprintf.o(i.xatof), (444 bytes).
    Removing xprintf.o(i.xatoi), (196 bytes).
    Removing xprintf.o(i.xfprintf), (30 bytes).
    Removing xprintf.o(i.xfputs), (26 bytes).
    Removing xprintf.o(i.xgets), (116 bytes).
    Removing xprintf.o(i.xputc), (20 bytes).
    Removing xprintf.o(i.xputs), (20 bytes).
    Removing xprintf.o(i.xsprintf), (48 bytes).

52 unused section(s) (total 2205 bytes) removed from the image.

==============================================================================

Image Symbol Table

    Local Symbols

    Symbol Name                              Value     Ov Type        Size  Object(Section)

    ../clib/angel/boardlib.s                 0x00000000   Number         0  boardshut.o ABSOLUTE
    ../clib/angel/boardlib.s                 0x00000000   Number         0  boardinit1.o ABSOLUTE
    ../clib/angel/boardlib.s                 0x00000000   Number         0  boardinit3.o ABSOLUTE
    ../clib/angel/boardlib.s                 0x00000000   Number         0  boardinit2.o ABSOLUTE
    ../clib/angel/handlers.s                 0x00000000   Number         0  __scatter_copy.o ABSOLUTE
    ../clib/angel/handlers.s                 0x00000000   Number         0  __scatter_zi.o ABSOLUTE
    ../clib/angel/kernel.s                   0x00000000   Number         0  rtexit2.o ABSOLUTE
    ../clib/angel/kernel.s                   0x00000000   Number         0  __rtentry4.o ABSOLUTE
    ../clib/angel/kernel.s                   0x00000000   Number         0  __rtentry.o ABSOLUTE
    ../clib/angel/kernel.s                   0x00000000   Number         0  __rtentry2.o ABSOLUTE
    ../clib/angel/kernel.s                   0x00000000   Number         0  rtexit.o ABSOLUTE
    ../clib/angel/rt.s                       0x00000000   Number         0  rt_raise.o ABSOLUTE
    ../clib/angel/scatter.s                  0x00000000   Number         0  __scatter.o ABSOLUTE
    ../clib/angel/startup.s                  0x00000000   Number         0  __main.o ABSOLUTE
    ../clib/angel/sys.s                      0x00000000   Number         0  sys_stackheap_outer.o ABSOLUTE
    ../clib/angel/sys.s                      0x00000000   Number         0  libspace.o ABSOLUTE
    ../clib/angel/sys.s                      0x00000000   Number         0  use_no_semi.o ABSOLUTE
    ../clib/angel/sys.s                      0x00000000   Number         0  indicate_semi.o ABSOLUTE
    ../clib/angel/sysapp.c                   0x00000000   Number         0  sys_wrch.o ABSOLUTE
    ../clib/angel/sysapp.c                   0x00000000   Number         0  sys_exit.o ABSOLUTE
    ../clib/angel/sysapp.c                   0x00000000   Number         0  sys_command.o ABSOLUTE
    ../clib/armsys.c                         0x00000000   Number         0  no_argv.o ABSOLUTE
    ../clib/armsys.c                         0x00000000   Number         0  _get_argv_nomalloc.o ABSOLUTE
    ../clib/armsys.c                         0x00000000   Number         0  argv_veneer.o ABSOLUTE
    ../clib/armsys.c                         0x00000000   Number         0  argv_veneer.o ABSOLUTE
    ../clib/heapalloc.c                      0x00000000   Number         0  hrguard.o ABSOLUTE
    ../clib/heapaux.c                        0x00000000   Number         0  heapauxi.o ABSOLUTE
    ../clib/libinit.s                        0x00000000   Number         0  libshutdown.o ABSOLUTE
    ../clib/libinit.s                        0x00000000   Number         0  libshutdown2.o ABSOLUTE
    ../clib/libinit.s                        0x00000000   Number         0  libinit2.o ABSOLUTE
    ../clib/libinit.s                        0x00000000   Number         0  libinit.o ABSOLUTE
    ../clib/signal.c                         0x00000000   Number         0  defsig_fpe_inner.o ABSOLUTE
    ../clib/signal.c                         0x00000000   Number         0  defsig_abrt_inner.o ABSOLUTE
    ../clib/signal.c                         0x00000000   Number         0  defsig_general.o ABSOLUTE
    ../clib/signal.c                         0x00000000   Number         0  __raise.o ABSOLUTE
    ../clib/signal.c                         0x00000000   Number         0  defsig_exit.o ABSOLUTE
    ../clib/signal.c                         0x00000000   Number         0  defsig_rtmem_formal.o ABSOLUTE
    ../clib/signal.c                         0x00000000   Number         0  defsig_rtmem_outer.o ABSOLUTE
    ../clib/signal.c                         0x00000000   Number         0  defsig_rtmem_inner.o ABSOLUTE
    ../clib/signal.c                         0x00000000   Number         0  defsig_other.o ABSOLUTE
    ../clib/signal.c                         0x00000000   Number         0  defsig_segv_inner.o ABSOLUTE
    ../clib/signal.c                         0x00000000   Number         0  defsig_cppl_inner.o ABSOLUTE
    ../clib/signal.c                         0x00000000   Number         0  defsig_pvfn_inner.o ABSOLUTE
    ../clib/signal.c                         0x00000000   Number         0  defsig_stak_inner.o ABSOLUTE
    ../clib/signal.c                         0x00000000   Number         0  defsig_rtred_inner.o ABSOLUTE
    ../clib/signal.s                         0x00000000   Number         0  defsig.o ABSOLUTE
    ../clib/stdlib.c                         0x00000000   Number         0  exit.o ABSOLUTE
    ../clib/string.c                         0x00000000   Number         0  strlen.o ABSOLUTE
    ../fplib/basic.s                         0x00000000   Number         0  basic.o ABSOLUTE
    ../fplib/daddsub.s                       0x00000000   Number         0  daddsub_clz.o ABSOLUTE
    ../fplib/dcmpi.s                         0x00000000   Number         0  dcmpi.o ABSOLUTE
    ../fplib/ddiv.s                          0x00000000   Number         0  ddiv.o ABSOLUTE
    ../fplib/deqf.s                          0x00000000   Number         0  deqf.o ABSOLUTE
    ../fplib/dfix.s                          0x00000000   Number         0  dfix.o ABSOLUTE
    ../fplib/dflt.s                          0x00000000   Number         0  dflt_clz.o ABSOLUTE
    ../fplib/dleqf.s                         0x00000000   Number         0  dleqf.o ABSOLUTE
    ../fplib/dmul.s                          0x00000000   Number         0  dmul.o ABSOLUTE
    ../fplib/dnaninf.s                       0x00000000   Number         0  dnaninf.o ABSOLUTE
    ../fplib/dretinf.s                       0x00000000   Number         0  dretinf.o ABSOLUTE
    ../fplib/drleqf.s                        0x00000000   Number         0  drleqf.o ABSOLUTE
    ../fplib/fpinit.s                        0x00000000   Number         0  fpinit.o ABSOLUTE
    ../fplib/usenofp.s                       0x00000000   Number         0  usenofp.o ABSOLUTE
    dc.s                                     0x00000000   Number         0  dc.o ABSOLUTE
    src\\buzzer.c                            0x00000000   Number         0  buzzer.o ABSOLUTE
    src\\fnd.c                               0x00000000   Number         0  fnd.o ABSOLUTE
    src\\led.c                               0x00000000   Number         0  led.o ABSOLUTE
    src\\main.c                              0x00000000   Number         0  main.o ABSOLUTE
    src\\push_button.c                       0x00000000   Number         0  push_button.o ABSOLUTE
    src\\sysclock.c                          0x00000000   Number         0  sysclock.o ABSOLUTE
    src\\systick.c                           0x00000000   Number         0  systick.o ABSOLUTE
    src\\uart.c                              0x00000000   Number         0  uart.o ABSOLUTE
    src\buzzer.c                             0x00000000   Number         0  buzzer.o ABSOLUTE
    src\fnd.c                                0x00000000   Number         0  fnd.o ABSOLUTE
    src\led.c                                0x00000000   Number         0  led.o ABSOLUTE
    src\main.c                               0x00000000   Number         0  main.o ABSOLUTE
    src\push_button.c                        0x00000000   Number         0  push_button.o ABSOLUTE
    src\startup_stm32f446xx.s                0x00000000   Number         0  startup_stm32f446xx.o ABSOLUTE
    src\sysclock.c                           0x00000000   Number         0  sysclock.o ABSOLUTE
    src\systick.c                            0x00000000   Number         0  systick.o ABSOLUTE
    src\uart.c                               0x00000000   Number         0  uart.o ABSOLUTE
    src\util.c                               0x00000000   Number         0  util.o ABSOLUTE
    src\xprintf.c                            0x00000000   Number         0  xprintf.o ABSOLUTE
    RESET                                    0x08000000   Section      452  startup_stm32f446xx.o(RESET)
    !!!main                                  0x080001c4   Section        8  __main.o(!!!main)
    !!!scatter                               0x080001cc   Section       52  __scatter.o(!!!scatter)
    !!handler_copy                           0x08000200   Section       26  __scatter_copy.o(!!handler_copy)
    !!handler_zi                             0x0800021c   Section       28  __scatter_zi.o(!!handler_zi)
    .ARM.Collect$$libinit$$00000000          0x08000238   Section        2  libinit.o(.ARM.Collect$$libinit$$00000000)
    .ARM.Collect$$libinit$$00000001          0x0800023a   Section        4  libinit2.o(.ARM.Collect$$libinit$$00000001)
    .ARM.Collect$$libinit$$00000004          0x0800023e   Section        0  libinit2.o(.ARM.Collect$$libinit$$00000004)
    .ARM.Collect$$libinit$$0000000A          0x0800023e   Section        0  libinit2.o(.ARM.Collect$$libinit$$0000000A)
    .ARM.Collect$$libinit$$0000000C          0x0800023e   Section        0  libinit2.o(.ARM.Collect$$libinit$$0000000C)
    .ARM.Collect$$libinit$$0000000E          0x0800023e   Section        0  libinit2.o(.ARM.Collect$$libinit$$0000000E)
    .ARM.Collect$$libinit$$00000011          0x0800023e   Section        0  libinit2.o(.ARM.Collect$$libinit$$00000011)
    .ARM.Collect$$libinit$$00000013          0x0800023e   Section        0  libinit2.o(.ARM.Collect$$libinit$$00000013)
    .ARM.Collect$$libinit$$00000015          0x0800023e   Section        0  libinit2.o(.ARM.Collect$$libinit$$00000015)
    .ARM.Collect$$libinit$$00000017          0x0800023e   Section        0  libinit2.o(.ARM.Collect$$libinit$$00000017)
    .ARM.Collect$$libinit$$00000019          0x0800023e   Section        0  libinit2.o(.ARM.Collect$$libinit$$00000019)
    .ARM.Collect$$libinit$$0000001B          0x0800023e   Section        0  libinit2.o(.ARM.Collect$$libinit$$0000001B)
    .ARM.Collect$$libinit$$0000001D          0x0800023e   Section        0  libinit2.o(.ARM.Collect$$libinit$$0000001D)
    .ARM.Collect$$libinit$$0000001F          0x0800023e   Section        0  libinit2.o(.ARM.Collect$$libinit$$0000001F)
    .ARM.Collect$$libinit$$00000021          0x0800023e   Section        0  libinit2.o(.ARM.Collect$$libinit$$00000021)
    .ARM.Collect$$libinit$$00000023          0x0800023e   Section        0  libinit2.o(.ARM.Collect$$libinit$$00000023)
    .ARM.Collect$$libinit$$00000025          0x0800023e   Section        0  libinit2.o(.ARM.Collect$$libinit$$00000025)
    .ARM.Collect$$libinit$$0000002C          0x0800023e   Section        0  libinit2.o(.ARM.Collect$$libinit$$0000002C)
    .ARM.Collect$$libinit$$0000002E          0x0800023e   Section        0  libinit2.o(.ARM.Collect$$libinit$$0000002E)
    .ARM.Collect$$libinit$$00000030          0x0800023e   Section        0  libinit2.o(.ARM.Collect$$libinit$$00000030)
    .ARM.Collect$$libinit$$00000032          0x0800023e   Section        0  libinit2.o(.ARM.Collect$$libinit$$00000032)
    .ARM.Collect$$libinit$$00000033          0x0800023e   Section        2  libinit2.o(.ARM.Collect$$libinit$$00000033)
    .ARM.Collect$$libshutdown$$00000000      0x08000240   Section        2  libshutdown.o(.ARM.Collect$$libshutdown$$00000000)
    .ARM.Collect$$libshutdown$$00000002      0x08000242   Section        0  libshutdown2.o(.ARM.Collect$$libshutdown$$00000002)
    .ARM.Collect$$libshutdown$$00000004      0x08000242   Section        0  libshutdown2.o(.ARM.Collect$$libshutdown$$00000004)
    .ARM.Collect$$libshutdown$$00000007      0x08000242   Section        0  libshutdown2.o(.ARM.Collect$$libshutdown$$00000007)
    .ARM.Collect$$libshutdown$$0000000A      0x08000242   Section        0  libshutdown2.o(.ARM.Collect$$libshutdown$$0000000A)
    .ARM.Collect$$libshutdown$$0000000C      0x08000242   Section        0  libshutdown2.o(.ARM.Collect$$libshutdown$$0000000C)
    .ARM.Collect$$libshutdown$$0000000F      0x08000242   Section        0  libshutdown2.o(.ARM.Collect$$libshutdown$$0000000F)
    .ARM.Collect$$libshutdown$$00000010      0x08000242   Section        2  libshutdown2.o(.ARM.Collect$$libshutdown$$00000010)
    .ARM.Collect$$rtentry$$00000000          0x08000244   Section        0  __rtentry.o(.ARM.Collect$$rtentry$$00000000)
    .ARM.Collect$$rtentry$$00000002          0x08000244   Section        0  __rtentry2.o(.ARM.Collect$$rtentry$$00000002)
    .ARM.Collect$$rtentry$$00000004          0x08000244   Section        6  __rtentry4.o(.ARM.Collect$$rtentry$$00000004)
    .ARM.Collect$$rtentry$$00000009          0x0800024a   Section        0  __rtentry2.o(.ARM.Collect$$rtentry$$00000009)
    .ARM.Collect$$rtentry$$0000000A          0x0800024a   Section        4  __rtentry2.o(.ARM.Collect$$rtentry$$0000000A)
    .ARM.Collect$$rtentry$$0000000C          0x0800024e   Section        0  __rtentry2.o(.ARM.Collect$$rtentry$$0000000C)
    .ARM.Collect$$rtentry$$0000000D          0x0800024e   Section        8  __rtentry2.o(.ARM.Collect$$rtentry$$0000000D)
    .ARM.Collect$$rtexit$$00000000           0x08000256   Section        2  rtexit.o(.ARM.Collect$$rtexit$$00000000)
    .ARM.Collect$$rtexit$$00000002           0x08000258   Section        0  rtexit2.o(.ARM.Collect$$rtexit$$00000002)
    .ARM.Collect$$rtexit$$00000003           0x08000258   Section        4  rtexit2.o(.ARM.Collect$$rtexit$$00000003)
    .ARM.Collect$$rtexit$$00000004           0x0800025c   Section        6  rtexit2.o(.ARM.Collect$$rtexit$$00000004)
    .text                                    0x08000264   Section      132  startup_stm32f446xx.o(.text)
    $v0                                      0x08000264   Number         0  startup_stm32f446xx.o(.text)
    .text                                    0x080002e8   Section        0  strlen.o(.text)
    .text                                    0x08000326   Section        0  heapauxi.o(.text)
    .text                                    0x0800032c   Section       74  sys_stackheap_outer.o(.text)
    .text                                    0x08000376   Section        0  exit.o(.text)
    .text                                    0x08000388   Section        8  libspace.o(.text)
    .text                                    0x08000390   Section        0  sys_exit.o(.text)
    .text                                    0x0800039c   Section        2  use_no_semi.o(.text)
    .text                                    0x0800039e   Section        0  indicate_semi.o(.text)
    i.Buzzer_Init                            0x080003a0   Section        0  buzzer.o(i.Buzzer_Init)
    i.Buzzer_Off                             0x08000448   Section        0  buzzer.o(i.Buzzer_Off)
    i.Buzzer_On                              0x0800045a   Section        0  buzzer.o(i.Buzzer_On)
    i.Buzzer_PlayCompleteSoun                0x0800046c   Section        0  main.o(i.Buzzer_PlayCompleteSoun)
    i.Buzzer_SetFrequency                    0x08000494   Section        0  buzzer.o(i.Buzzer_SetFrequency)
    i.EXTI2_IRQHandler                       0x080004ac   Section        0  main.o(i.EXTI2_IRQHandler)
    i.EXTI4_IRQHandler                       0x080005b4   Section        0  main.o(i.EXTI4_IRQHandler)
    i.Fnd_Display                            0x080006b8   Section        0  fnd.o(i.Fnd_Display)
    i.Fnd_Display_dp                         0x0800081c   Section        0  fnd.o(i.Fnd_Display_dp)
    i.Fnd_Initialize                         0x08000980   Section        0  fnd.o(i.Fnd_Initialize)
    i.Fnd_Zero                               0x08000cc0   Section        0  fnd.o(i.Fnd_Zero)
    i.GetTick                                0x08000ce4   Section        0  systick.o(i.GetTick)
    i.HAL_PWREx_EnableOverDrive              0x08000cf0   Section        0  sysclock.o(i.HAL_PWREx_EnableOverDrive)
    i.Led_Initialize                         0x08000d50   Section        0  led.o(i.Led_Initialize)
    i.Led_display                            0x08000e00   Section        0  led.o(i.Led_display)
    i.SysTick_Delay                          0x08000f18   Section        0  systick.o(i.SysTick_Delay)
    i.SysTick_Handler                        0x08000f34   Section        0  systick.o(i.SysTick_Handler)
    i.SysTick_Init                           0x0800104c   Section        0  systick.o(i.SysTick_Init)
    i.System_Clock_Init                      0x080010d8   Section        0  sysclock.o(i.System_Clock_Init)
    i.TimeDelay                              0x080011f8   Section        0  util.o(i.TimeDelay)
    i.UART_Initialize                        0x08001204   Section        0  uart.o(i.UART_Initialize)
    i.UART_xGetChar                          0x08001294   Section        0  uart.o(i.UART_xGetChar)
    i.UART_xPutChar                          0x080012b0   Section        0  uart.o(i.UART_xPutChar)
    i.USART2_IRQHandler                      0x080012cc   Section        0  uart.o(i.USART2_IRQHandler)
    i.USART_IRQHandler                       0x080012e0   Section        0  uart.o(i.USART_IRQHandler)
    i.__NVIC_EnableIRQ                       0x08001380   Section        0  push_button.o(i.__NVIC_EnableIRQ)
    __NVIC_EnableIRQ                         0x08001381   Thumb Code    34  push_button.o(i.__NVIC_EnableIRQ)
    i.ftoa                                   0x080013a4   Section        0  xprintf.o(i.ftoa)
    ftoa                                     0x080013a5   Thumb Code   604  xprintf.o(i.ftoa)
    i.i10x                                   0x08001624   Section        0  xprintf.o(i.i10x)
    i10x                                     0x08001625   Thumb Code   148  xprintf.o(i.i10x)
    i.ilog10                                 0x080016d0   Section        0  xprintf.o(i.ilog10)
    ilog10                                   0x080016d1   Thumb Code   192  xprintf.o(i.ilog10)
    i.main                                   0x080017b0   Section        0  main.o(i.main)
    i.pb_initialize                          0x08001cb4   Section        0  push_button.o(i.pb_initialize)
    i.pb_interrupt_init                      0x08001d00   Section        0  push_button.o(i.pb_interrupt_init)
    i.reset_buffer                           0x08001d9c   Section        0  main.o(i.reset_buffer)
    i.xfputc                                 0x08001db8   Section        0  xprintf.o(i.xfputc)
    i.xmemset                                0x08001df0   Section        0  uart.o(i.xmemset)
    i.xprintf                                0x08001e04   Section        0  xprintf.o(i.xprintf)
    i.xvfprintf                              0x08001e28   Section        0  xprintf.o(i.xvfprintf)
    xvfprintf                                0x08001e29   Thumb Code   794  xprintf.o(i.xvfprintf)
    x$fpl$basic                              0x08002148   Section       24  basic.o(x$fpl$basic)
    $v0                                      0x08002148   Number         0  basic.o(x$fpl$basic)
    x$fpl$dadd                               0x08002160   Section      336  daddsub_clz.o(x$fpl$dadd)
    $v0                                      0x08002160   Number         0  daddsub_clz.o(x$fpl$dadd)
    _dadd1                                   0x08002171   Thumb Code     0  daddsub_clz.o(x$fpl$dadd)
    x$fpl$dcmpinf                            0x080022b0   Section       24  dcmpi.o(x$fpl$dcmpinf)
    $v0                                      0x080022b0   Number         0  dcmpi.o(x$fpl$dcmpinf)
    x$fpl$ddiv                               0x080022c8   Section      688  ddiv.o(x$fpl$ddiv)
    $v0                                      0x080022c8   Number         0  ddiv.o(x$fpl$ddiv)
    ddiv_entry                               0x080022cf   Thumb Code     0  ddiv.o(x$fpl$ddiv)
    x$fpl$deqf                               0x08002578   Section      120  deqf.o(x$fpl$deqf)
    $v0                                      0x08002578   Number         0  deqf.o(x$fpl$deqf)
    x$fpl$dfix                               0x080025f0   Section       94  dfix.o(x$fpl$dfix)
    $v0                                      0x080025f0   Number         0  dfix.o(x$fpl$dfix)
    x$fpl$dflt                               0x0800264e   Section       46  dflt_clz.o(x$fpl$dflt)
    $v0                                      0x0800264e   Number         0  dflt_clz.o(x$fpl$dflt)
    x$fpl$dleqf                              0x0800267c   Section      120  dleqf.o(x$fpl$dleqf)
    $v0                                      0x0800267c   Number         0  dleqf.o(x$fpl$dleqf)
    x$fpl$dmul                               0x080026f4   Section      340  dmul.o(x$fpl$dmul)
    $v0                                      0x080026f4   Number         0  dmul.o(x$fpl$dmul)
    x$fpl$dnaninf                            0x08002848   Section      156  dnaninf.o(x$fpl$dnaninf)
    $v0                                      0x08002848   Number         0  dnaninf.o(x$fpl$dnaninf)
    x$fpl$dretinf                            0x080028e4   Section       12  dretinf.o(x$fpl$dretinf)
    $v0                                      0x080028e4   Number         0  dretinf.o(x$fpl$dretinf)
    x$fpl$drleqf                             0x080028f0   Section      108  drleqf.o(x$fpl$drleqf)
    $v0                                      0x080028f0   Number         0  drleqf.o(x$fpl$drleqf)
    x$fpl$drsb                               0x0800295c   Section       22  daddsub_clz.o(x$fpl$drsb)
    $v0                                      0x0800295c   Number         0  daddsub_clz.o(x$fpl$drsb)
    x$fpl$dsub                               0x08002974   Section      468  daddsub_clz.o(x$fpl$dsub)
    $v0                                      0x08002974   Number         0  daddsub_clz.o(x$fpl$dsub)
    _dsub1                                   0x08002985   Thumb Code     0  daddsub_clz.o(x$fpl$dsub)
    x$fpl$fpinit                             0x08002b48   Section       10  fpinit.o(x$fpl$fpinit)
    $v0                                      0x08002b48   Number         0  fpinit.o(x$fpl$fpinit)
    x$fpl$usenofp                            0x08002b52   Section        0  usenofp.o(x$fpl$usenofp)
    .data                                    0x20000000   Section       24  fnd.o(.data)
    fnd_sel                                  0x20000014   Data           4  fnd.o(.data)
    .data                                    0x20000018   Section       89  main.o(.data)
    .data                                    0x20000074   Section       12  systick.o(.data)
    .data                                    0x20000080   Section       12  xprintf.o(.data)
    strptr                                   0x20000084   Data           4  xprintf.o(.data)
    .bss                                     0x2000008c   Section       96  libspace.o(.bss)
    HEAP                                     0x200000f0   Section     1280  startup_stm32f446xx.o(HEAP)
    Heap_Mem                                 0x200000f0   Data        1280  startup_stm32f446xx.o(HEAP)
    STACK                                    0x200005f0   Section     4096  startup_stm32f446xx.o(STACK)
    Stack_Mem                                0x200005f0   Data        4096  startup_stm32f446xx.o(STACK)
    __initial_sp                             0x200015f0   Data           0  startup_stm32f446xx.o(STACK)

    Global Symbols

    Symbol Name                              Value     Ov Type        Size  Object(Section)

    BuildAttributes$$THM_ISAv4$E$P$D$K$B$S$7EM$VFPi3$EXTD16$VFPS$VFMA$PE$A:L22UL41UL21$X:L11$S22US41US21$IEEE1$IW$USESV6$~STKCKD$USESV7$~SHL$OSPACE$ROPI$EBA8$UX$STANDARDLIB$REQ8$PRES8$EABIv2 0x00000000   Number         0  anon$$obj.o ABSOLUTE
    Image$$ER_IROM1$$RW$$Length              0x00000000   Number         0  anon$$obj.o ABSOLUTE
    Image$$ER_IROM1$$ZI$$Length              0x00000000   Number         0  anon$$obj.o ABSOLUTE
    Image$$RW_IRAM1$$RO$$Length              0x00000000   Number         0  anon$$obj.o ABSOLUTE
    __ARM_use_no_argv                        0x00000000   Number         0  main.o ABSOLUTE
    __ARM_exceptions_init                     - Undefined Weak Reference
    __alloca_initialize                       - Undefined Weak Reference
    __arm_preinit_                            - Undefined Weak Reference
    __cpp_initialize__aeabi_                  - Undefined Weak Reference
    __cxa_finalize                            - Undefined Weak Reference
    __rt_locale                               - Undefined Weak Reference
    __sigvec_lookup                           - Undefined Weak Reference
    _atexit_init                              - Undefined Weak Reference
    _call_atexit_fns                          - Undefined Weak Reference
    _clock_init                               - Undefined Weak Reference
    _fp_trap_init                             - Undefined Weak Reference
    _fp_trap_shutdown                         - Undefined Weak Reference
    _get_lc_collate                           - Undefined Weak Reference
    _get_lc_ctype                             - Undefined Weak Reference
    _get_lc_monetary                          - Undefined Weak Reference
    _get_lc_numeric                           - Undefined Weak Reference
    _get_lc_time                              - Undefined Weak Reference
    _getenv_init                              - Undefined Weak Reference
    _handle_redirection                       - Undefined Weak Reference
    _init_alloc                               - Undefined Weak Reference
    _init_user_alloc                          - Undefined Weak Reference
    _initio                                   - Undefined Weak Reference
    _rand_init                                - Undefined Weak Reference
    _signal_finish                            - Undefined Weak Reference
    _signal_init                              - Undefined Weak Reference
    _terminate_alloc                          - Undefined Weak Reference
    _terminate_user_alloc                     - Undefined Weak Reference
    _terminateio                              - Undefined Weak Reference
    Image$$RW_IRAM1$$Length                  0x0000008c   Number         0  anon$$obj.o ABSOLUTE
    Image$$RW_IRAM1$$RW$$Length              0x0000008c   Number         0  anon$$obj.o ABSOLUTE
    __Vectors_Size                           0x000001c4   Number         0  startup_stm32f446xx.o ABSOLUTE
    Image$$RW_IRAM1$$ZI$$Length              0x00001564   Number         0  anon$$obj.o ABSOLUTE
    Image$$ER_IROM1$$RO$$Length              0x00002b74   Number         0  anon$$obj.o ABSOLUTE
    Image$$ER_IROM1$$RO$$Base                0x08000000   Number         0  anon$$obj.o ABSOLUTE
    Load$$ER_IROM1$$Base                     0x08000000   Number         0  anon$$obj.o ABSOLUTE
    __Vectors                                0x08000000   Data           4  startup_stm32f446xx.o(RESET)
    __Vectors_End                            0x080001c4   Data           0  startup_stm32f446xx.o(RESET)
    __main                                   0x080001c5   Thumb Code     8  __main.o(!!!main)
    __scatterload                            0x080001cd   Thumb Code     0  __scatter.o(!!!scatter)
    __scatterload_rt2                        0x080001cd   Thumb Code    44  __scatter.o(!!!scatter)
    __scatterload_rt2_thumb_only             0x080001cd   Thumb Code     0  __scatter.o(!!!scatter)
    __scatterload_null                       0x080001db   Thumb Code     0  __scatter.o(!!!scatter)
    __scatterload_copy                       0x08000201   Thumb Code    26  __scatter_copy.o(!!handler_copy)
    __scatterload_zeroinit                   0x0800021d   Thumb Code    28  __scatter_zi.o(!!handler_zi)
    __rt_lib_init                            0x08000239   Thumb Code     0  libinit.o(.ARM.Collect$$libinit$$00000000)
    __rt_lib_init_fp_1                       0x0800023b   Thumb Code     0  libinit2.o(.ARM.Collect$$libinit$$00000001)
    __rt_lib_init_alloca_1                   0x0800023f   Thumb Code     0  libinit2.o(.ARM.Collect$$libinit$$0000002E)
    __rt_lib_init_argv_1                     0x0800023f   Thumb Code     0  libinit2.o(.ARM.Collect$$libinit$$0000002C)
    __rt_lib_init_atexit_1                   0x0800023f   Thumb Code     0  libinit2.o(.ARM.Collect$$libinit$$0000001B)
    __rt_lib_init_clock_1                    0x0800023f   Thumb Code     0  libinit2.o(.ARM.Collect$$libinit$$00000021)
    __rt_lib_init_cpp_1                      0x0800023f   Thumb Code     0  libinit2.o(.ARM.Collect$$libinit$$00000032)
    __rt_lib_init_exceptions_1               0x0800023f   Thumb Code     0  libinit2.o(.ARM.Collect$$libinit$$00000030)
    __rt_lib_init_fp_trap_1                  0x0800023f   Thumb Code     0  libinit2.o(.ARM.Collect$$libinit$$0000001F)
    __rt_lib_init_getenv_1                   0x0800023f   Thumb Code     0  libinit2.o(.ARM.Collect$$libinit$$00000023)
    __rt_lib_init_heap_1                     0x0800023f   Thumb Code     0  libinit2.o(.ARM.Collect$$libinit$$0000000A)
    __rt_lib_init_lc_collate_1               0x0800023f   Thumb Code     0  libinit2.o(.ARM.Collect$$libinit$$00000011)
    __rt_lib_init_lc_ctype_1                 0x0800023f   Thumb Code     0  libinit2.o(.ARM.Collect$$libinit$$00000013)
    __rt_lib_init_lc_monetary_1              0x0800023f   Thumb Code     0  libinit2.o(.ARM.Collect$$libinit$$00000015)
    __rt_lib_init_lc_numeric_1               0x0800023f   Thumb Code     0  libinit2.o(.ARM.Collect$$libinit$$00000017)
    __rt_lib_init_lc_time_1                  0x0800023f   Thumb Code     0  libinit2.o(.ARM.Collect$$libinit$$00000019)
    __rt_lib_init_preinit_1                  0x0800023f   Thumb Code     0  libinit2.o(.ARM.Collect$$libinit$$00000004)
    __rt_lib_init_rand_1                     0x0800023f   Thumb Code     0  libinit2.o(.ARM.Collect$$libinit$$0000000E)
    __rt_lib_init_return                     0x0800023f   Thumb Code     0  libinit2.o(.ARM.Collect$$libinit$$00000033)
    __rt_lib_init_signal_1                   0x0800023f   Thumb Code     0  libinit2.o(.ARM.Collect$$libinit$$0000001D)
    __rt_lib_init_stdio_1                    0x0800023f   Thumb Code     0  libinit2.o(.ARM.Collect$$libinit$$00000025)
    __rt_lib_init_user_alloc_1               0x0800023f   Thumb Code     0  libinit2.o(.ARM.Collect$$libinit$$0000000C)
    __rt_lib_shutdown                        0x08000241   Thumb Code     0  libshutdown.o(.ARM.Collect$$libshutdown$$00000000)
    __rt_lib_shutdown_cpp_1                  0x08000243   Thumb Code     0  libshutdown2.o(.ARM.Collect$$libshutdown$$00000002)
    __rt_lib_shutdown_fp_trap_1              0x08000243   Thumb Code     0  libshutdown2.o(.ARM.Collect$$libshutdown$$00000007)
    __rt_lib_shutdown_heap_1                 0x08000243   Thumb Code     0  libshutdown2.o(.ARM.Collect$$libshutdown$$0000000F)
    __rt_lib_shutdown_return                 0x08000243   Thumb Code     0  libshutdown2.o(.ARM.Collect$$libshutdown$$00000010)
    __rt_lib_shutdown_signal_1               0x08000243   Thumb Code     0  libshutdown2.o(.ARM.Collect$$libshutdown$$0000000A)
    __rt_lib_shutdown_stdio_1                0x08000243   Thumb Code     0  libshutdown2.o(.ARM.Collect$$libshutdown$$00000004)
    __rt_lib_shutdown_user_alloc_1           0x08000243   Thumb Code     0  libshutdown2.o(.ARM.Collect$$libshutdown$$0000000C)
    __rt_entry                               0x08000245   Thumb Code     0  __rtentry.o(.ARM.Collect$$rtentry$$00000000)
    __rt_entry_presh_1                       0x08000245   Thumb Code     0  __rtentry2.o(.ARM.Collect$$rtentry$$00000002)
    __rt_entry_sh                            0x08000245   Thumb Code     0  __rtentry4.o(.ARM.Collect$$rtentry$$00000004)
    __rt_entry_li                            0x0800024b   Thumb Code     0  __rtentry2.o(.ARM.Collect$$rtentry$$0000000A)
    __rt_entry_postsh_1                      0x0800024b   Thumb Code     0  __rtentry2.o(.ARM.Collect$$rtentry$$00000009)
    __rt_entry_main                          0x0800024f   Thumb Code     0  __rtentry2.o(.ARM.Collect$$rtentry$$0000000D)
    __rt_entry_postli_1                      0x0800024f   Thumb Code     0  __rtentry2.o(.ARM.Collect$$rtentry$$0000000C)
    __rt_exit                                0x08000257   Thumb Code     0  rtexit.o(.ARM.Collect$$rtexit$$00000000)
    __rt_exit_ls                             0x08000259   Thumb Code     0  rtexit2.o(.ARM.Collect$$rtexit$$00000003)
    __rt_exit_prels_1                        0x08000259   Thumb Code     0  rtexit2.o(.ARM.Collect$$rtexit$$00000002)
    __rt_exit_exit                           0x0800025d   Thumb Code     0  rtexit2.o(.ARM.Collect$$rtexit$$00000004)
    Reset_Handler                            0x08000265   Thumb Code    60  startup_stm32f446xx.o(.text)
    NMI_Handler                              0x080002a1   Thumb Code     2  startup_stm32f446xx.o(.text)
    HardFault_Handler                        0x080002a3   Thumb Code     2  startup_stm32f446xx.o(.text)
    MemManage_Handler                        0x080002a5   Thumb Code     2  startup_stm32f446xx.o(.text)
    BusFault_Handler                         0x080002a7   Thumb Code     2  startup_stm32f446xx.o(.text)
    UsageFault_Handler                       0x080002a9   Thumb Code     2  startup_stm32f446xx.o(.text)
    SVC_Handler                              0x080002ab   Thumb Code     2  startup_stm32f446xx.o(.text)
    DebugMon_Handler                         0x080002ad   Thumb Code     2  startup_stm32f446xx.o(.text)
    PendSV_Handler                           0x080002af   Thumb Code     2  startup_stm32f446xx.o(.text)
    ADC_IRQHandler                           0x080002b3   Thumb Code     0  startup_stm32f446xx.o(.text)
    CAN1_RX0_IRQHandler                      0x080002b3   Thumb Code     0  startup_stm32f446xx.o(.text)
    CAN1_RX1_IRQHandler                      0x080002b3   Thumb Code     0  startup_stm32f446xx.o(.text)
    CAN1_SCE_IRQHandler                      0x080002b3   Thumb Code     0  startup_stm32f446xx.o(.text)
    CAN1_TX_IRQHandler                       0x080002b3   Thumb Code     0  startup_stm32f446xx.o(.text)
    CAN2_RX0_IRQHandler                      0x080002b3   Thumb Code     0  startup_stm32f446xx.o(.text)
    CAN2_RX1_IRQHandler                      0x080002b3   Thumb Code     0  startup_stm32f446xx.o(.text)
    CAN2_SCE_IRQHandler                      0x080002b3   Thumb Code     0  startup_stm32f446xx.o(.text)
    CAN2_TX_IRQHandler                       0x080002b3   Thumb Code     0  startup_stm32f446xx.o(.text)
    CEC_IRQHandler                           0x080002b3   Thumb Code     0  startup_stm32f446xx.o(.text)
    DCMI_IRQHandler                          0x080002b3   Thumb Code     0  startup_stm32f446xx.o(.text)
    DMA1_Stream0_IRQHandler                  0x080002b3   Thumb Code     0  startup_stm32f446xx.o(.text)
    DMA1_Stream1_IRQHandler                  0x080002b3   Thumb Code     0  startup_stm32f446xx.o(.text)
    DMA1_Stream2_IRQHandler                  0x080002b3   Thumb Code     0  startup_stm32f446xx.o(.text)
    DMA1_Stream3_IRQHandler                  0x080002b3   Thumb Code     0  startup_stm32f446xx.o(.text)
    DMA1_Stream4_IRQHandler                  0x080002b3   Thumb Code     0  startup_stm32f446xx.o(.text)
    DMA1_Stream5_IRQHandler                  0x080002b3   Thumb Code     0  startup_stm32f446xx.o(.text)
    DMA1_Stream6_IRQHandler                  0x080002b3   Thumb Code     0  startup_stm32f446xx.o(.text)
    DMA1_Stream7_IRQHandler                  0x080002b3   Thumb Code     0  startup_stm32f446xx.o(.text)
    DMA2_Stream0_IRQHandler                  0x080002b3   Thumb Code     0  startup_stm32f446xx.o(.text)
    DMA2_Stream1_IRQHandler                  0x080002b3   Thumb Code     0  startup_stm32f446xx.o(.text)
    DMA2_Stream2_IRQHandler                  0x080002b3   Thumb Code     0  startup_stm32f446xx.o(.text)
    DMA2_Stream3_IRQHandler                  0x080002b3   Thumb Code     0  startup_stm32f446xx.o(.text)
    DMA2_Stream4_IRQHandler                  0x080002b3   Thumb Code     0  startup_stm32f446xx.o(.text)
    DMA2_Stream5_IRQHandler                  0x080002b3   Thumb Code     0  startup_stm32f446xx.o(.text)
    DMA2_Stream6_IRQHandler                  0x080002b3   Thumb Code     0  startup_stm32f446xx.o(.text)
    DMA2_Stream7_IRQHandler                  0x080002b3   Thumb Code     0  startup_stm32f446xx.o(.text)
    EXTI0_IRQHandler                         0x080002b3   Thumb Code     0  startup_stm32f446xx.o(.text)
    EXTI15_10_IRQHandler                     0x080002b3   Thumb Code     0  startup_stm32f446xx.o(.text)
    EXTI1_IRQHandler                         0x080002b3   Thumb Code     0  startup_stm32f446xx.o(.text)
    EXTI3_IRQHandler                         0x080002b3   Thumb Code     0  startup_stm32f446xx.o(.text)
    EXTI9_5_IRQHandler                       0x080002b3   Thumb Code     0  startup_stm32f446xx.o(.text)
    FLASH_IRQHandler                         0x080002b3   Thumb Code     0  startup_stm32f446xx.o(.text)
    FMC_IRQHandler                           0x080002b3   Thumb Code     0  startup_stm32f446xx.o(.text)
    FPU_IRQHandler                           0x080002b3   Thumb Code     0  startup_stm32f446xx.o(.text)
    I2C1_ER_IRQHandler                       0x080002b3   Thumb Code     0  startup_stm32f446xx.o(.text)
    I2C1_EV_IRQHandler                       0x080002b3   Thumb Code     0  startup_stm32f446xx.o(.text)
    I2C2_ER_IRQHandler                       0x080002b3   Thumb Code     0  startup_stm32f446xx.o(.text)
    I2C2_EV_IRQHandler                       0x080002b3   Thumb Code     0  startup_stm32f446xx.o(.text)
    I2C3_ER_IRQHandler                       0x080002b3   Thumb Code     0  startup_stm32f446xx.o(.text)
    I2C3_EV_IRQHandler                       0x080002b3   Thumb Code     0  startup_stm32f446xx.o(.text)
    I2C4_Error_IRQHandler                    0x080002b3   Thumb Code     0  startup_stm32f446xx.o(.text)
    I2C4_Event_IRQHandler                    0x080002b3   Thumb Code     0  startup_stm32f446xx.o(.text)
    OTG_FS_IRQHandler                        0x080002b3   Thumb Code     0  startup_stm32f446xx.o(.text)
    OTG_FS_WKUP_IRQHandler                   0x080002b3   Thumb Code     0  startup_stm32f446xx.o(.text)
    OTG_HS_EP1_IN_IRQHandler                 0x080002b3   Thumb Code     0  startup_stm32f446xx.o(.text)
    OTG_HS_EP1_OUT_IRQHandler                0x080002b3   Thumb Code     0  startup_stm32f446xx.o(.text)
    OTG_HS_IRQHandler                        0x080002b3   Thumb Code     0  startup_stm32f446xx.o(.text)
    OTG_HS_WKUP_IRQHandler                   0x080002b3   Thumb Code     0  startup_stm32f446xx.o(.text)
    PVD_IRQHandler                           0x080002b3   Thumb Code     0  startup_stm32f446xx.o(.text)
    QUADSPI_IRQHandler                       0x080002b3   Thumb Code     0  startup_stm32f446xx.o(.text)
    RCC_IRQHandler                           0x080002b3   Thumb Code     0  startup_stm32f446xx.o(.text)
    RTC_Alarm_IRQHandler                     0x080002b3   Thumb Code     0  startup_stm32f446xx.o(.text)
    RTC_WKUP_IRQHandler                      0x080002b3   Thumb Code     0  startup_stm32f446xx.o(.text)
    SAI1_IRQHandler                          0x080002b3   Thumb Code     0  startup_stm32f446xx.o(.text)
    SAI2_IRQHandler                          0x080002b3   Thumb Code     0  startup_stm32f446xx.o(.text)
    SDIO_IRQHandler                          0x080002b3   Thumb Code     0  startup_stm32f446xx.o(.text)
    SPDIF_RX_IRQHandler                      0x080002b3   Thumb Code     0  startup_stm32f446xx.o(.text)
    SPI1_IRQHandler                          0x080002b3   Thumb Code     0  startup_stm32f446xx.o(.text)
    SPI2_IRQHandler                          0x080002b3   Thumb Code     0  startup_stm32f446xx.o(.text)
    SPI3_IRQHandler                          0x080002b3   Thumb Code     0  startup_stm32f446xx.o(.text)
    SPI4_IRQHandler                          0x080002b3   Thumb Code     0  startup_stm32f446xx.o(.text)
    TAMP_STAMP_IRQHandler                    0x080002b3   Thumb Code     0  startup_stm32f446xx.o(.text)
    TIM1_BRK_TIM9_IRQHandler                 0x080002b3   Thumb Code     0  startup_stm32f446xx.o(.text)
    TIM1_CC_IRQHandler                       0x080002b3   Thumb Code     0  startup_stm32f446xx.o(.text)
    TIM1_TRG_COM_TIM11_IRQHandler            0x080002b3   Thumb Code     0  startup_stm32f446xx.o(.text)
    TIM1_UP_TIM10_IRQHandler                 0x080002b3   Thumb Code     0  startup_stm32f446xx.o(.text)
    TIM2_IRQHandler                          0x080002b3   Thumb Code     0  startup_stm32f446xx.o(.text)
    TIM3_IRQHandler                          0x080002b3   Thumb Code     0  startup_stm32f446xx.o(.text)
    TIM4_IRQHandler                          0x080002b3   Thumb Code     0  startup_stm32f446xx.o(.text)
    TIM5_IRQHandler                          0x080002b3   Thumb Code     0  startup_stm32f446xx.o(.text)
    TIM6_DAC_IRQHandler                      0x080002b3   Thumb Code     0  startup_stm32f446xx.o(.text)
    TIM7_IRQHandler                          0x080002b3   Thumb Code     0  startup_stm32f446xx.o(.text)
    TIM8_BRK_TIM12_IRQHandler                0x080002b3   Thumb Code     0  startup_stm32f446xx.o(.text)
    TIM8_CC_IRQHandler                       0x080002b3   Thumb Code     0  startup_stm32f446xx.o(.text)
    TIM8_TRG_COM_TIM14_IRQHandler            0x080002b3   Thumb Code     0  startup_stm32f446xx.o(.text)
    TIM8_UP_TIM13_IRQHandler                 0x080002b3   Thumb Code     0  startup_stm32f446xx.o(.text)
    UART4_IRQHandler                         0x080002b3   Thumb Code     0  startup_stm32f446xx.o(.text)
    UART5_IRQHandler                         0x080002b3   Thumb Code     0  startup_stm32f446xx.o(.text)
    USART1_IRQHandler                        0x080002b3   Thumb Code     0  startup_stm32f446xx.o(.text)
    USART3_IRQHandler                        0x080002b3   Thumb Code     0  startup_stm32f446xx.o(.text)
    USART6_IRQHandler                        0x080002b3   Thumb Code     0  startup_stm32f446xx.o(.text)
    WWDG_IRQHandler                          0x080002b3   Thumb Code     0  startup_stm32f446xx.o(.text)
    __user_initial_stackheap                 0x080002b5   Thumb Code     0  startup_stm32f446xx.o(.text)
    strlen                                   0x080002e9   Thumb Code    62  strlen.o(.text)
    __use_two_region_memory                  0x08000327   Thumb Code     2  heapauxi.o(.text)
    __rt_heap_escrow$2region                 0x08000329   Thumb Code     2  heapauxi.o(.text)
    __rt_heap_expand$2region                 0x0800032b   Thumb Code     2  heapauxi.o(.text)
    __user_setup_stackheap                   0x0800032d   Thumb Code    74  sys_stackheap_outer.o(.text)
    exit                                     0x08000377   Thumb Code    18  exit.o(.text)
    __user_libspace                          0x08000389   Thumb Code     8  libspace.o(.text)
    __user_perproc_libspace                  0x08000389   Thumb Code     0  libspace.o(.text)
    __user_perthread_libspace                0x08000389   Thumb Code     0  libspace.o(.text)
    _sys_exit                                0x08000391   Thumb Code     8  sys_exit.o(.text)
    __I$use$semihosting                      0x0800039d   Thumb Code     0  use_no_semi.o(.text)
    __use_no_semihosting_swi                 0x0800039d   Thumb Code     2  use_no_semi.o(.text)
    __semihosting_library_function           0x0800039f   Thumb Code     0  indicate_semi.o(.text)
    Buzzer_Init                              0x080003a1   Thumb Code   158  buzzer.o(i.Buzzer_Init)
    Buzzer_Off                               0x08000449   Thumb Code    18  buzzer.o(i.Buzzer_Off)
    Buzzer_On                                0x0800045b   Thumb Code    18  buzzer.o(i.Buzzer_On)
    Buzzer_PlayCompleteSoun                  0x0800046d   Thumb Code    34  main.o(i.Buzzer_PlayCompleteSoun)
    Buzzer_SetFrequency                      0x08000495   Thumb Code    20  buzzer.o(i.Buzzer_SetFrequency)
    EXTI2_IRQHandler                         0x080004ad   Thumb Code   168  main.o(i.EXTI2_IRQHandler)
    EXTI4_IRQHandler                         0x080005b5   Thumb Code   182  main.o(i.EXTI4_IRQHandler)
    Fnd_Display                              0x080006b9   Thumb Code   338  fnd.o(i.Fnd_Display)
    Fnd_Display_dp                           0x0800081d   Thumb Code   338  fnd.o(i.Fnd_Display_dp)
    Fnd_Initialize                           0x08000981   Thumb Code   816  fnd.o(i.Fnd_Initialize)
    Fnd_Zero                                 0x08000cc1   Thumb Code    20  fnd.o(i.Fnd_Zero)
    GetTick                                  0x08000ce5   Thumb Code     6  systick.o(i.GetTick)
    HAL_PWREx_EnableOverDrive                0x08000cf1   Thumb Code    82  sysclock.o(i.HAL_PWREx_EnableOverDrive)
    Led_Initialize                           0x08000d51   Thumb Code   162  led.o(i.Led_Initialize)
    Led_display                              0x08000e01   Thumb Code   272  led.o(i.Led_display)
    SysTick_Delay                            0x08000f19   Thumb Code    24  systick.o(i.SysTick_Delay)
    SysTick_Handler                          0x08000f35   Thumb Code   256  systick.o(i.SysTick_Handler)
    SysTick_Init                             0x0800104d   Thumb Code   128  systick.o(i.SysTick_Init)
    System_Clock_Init                        0x080010d9   Thumb Code   270  sysclock.o(i.System_Clock_Init)
    TimeDelay                                0x080011f9   Thumb Code    12  util.o(i.TimeDelay)
    UART_Initialize                          0x08001205   Thumb Code   134  uart.o(i.UART_Initialize)
    UART_xGetChar                            0x08001295   Thumb Code    22  uart.o(i.UART_xGetChar)
    UART_xPutChar                            0x080012b1   Thumb Code    24  uart.o(i.UART_xPutChar)
    USART2_IRQHandler                        0x080012cd   Thumb Code    12  uart.o(i.USART2_IRQHandler)
    USART_IRQHandler                         0x080012e1   Thumb Code   146  uart.o(i.USART_IRQHandler)
    main                                     0x080017b1   Thumb Code   966  main.o(i.main)
    pb_initialize                            0x08001cb5   Thumb Code    64  push_button.o(i.pb_initialize)
    pb_interrupt_init                        0x08001d01   Thumb Code   142  push_button.o(i.pb_interrupt_init)
    reset_buffer                             0x08001d9d   Thumb Code    20  main.o(i.reset_buffer)
    xfputc                                   0x08001db9   Thumb Code    50  xprintf.o(i.xfputc)
    xmemset                                  0x08001df1   Thumb Code    20  uart.o(i.xmemset)
    xprintf                                  0x08001e05   Thumb Code    30  xprintf.o(i.xprintf)
    __aeabi_dneg                             0x08002149   Thumb Code     0  basic.o(x$fpl$basic)
    _dneg                                    0x08002149   Thumb Code     6  basic.o(x$fpl$basic)
    __aeabi_fneg                             0x0800214f   Thumb Code     0  basic.o(x$fpl$basic)
    _fneg                                    0x0800214f   Thumb Code     6  basic.o(x$fpl$basic)
    _dabs                                    0x08002155   Thumb Code     6  basic.o(x$fpl$basic)
    _fabs                                    0x0800215b   Thumb Code     6  basic.o(x$fpl$basic)
    __aeabi_dadd                             0x08002161   Thumb Code     0  daddsub_clz.o(x$fpl$dadd)
    _dadd                                    0x08002161   Thumb Code   332  daddsub_clz.o(x$fpl$dadd)
    __fpl_dcmp_Inf                           0x080022b1   Thumb Code    24  dcmpi.o(x$fpl$dcmpinf)
    __aeabi_ddiv                             0x080022c9   Thumb Code     0  ddiv.o(x$fpl$ddiv)
    _ddiv                                    0x080022c9   Thumb Code   552  ddiv.o(x$fpl$ddiv)
    __aeabi_cdcmpeq                          0x08002579   Thumb Code     0  deqf.o(x$fpl$deqf)
    _dcmpeq                                  0x08002579   Thumb Code   120  deqf.o(x$fpl$deqf)
    __aeabi_d2iz                             0x080025f1   Thumb Code     0  dfix.o(x$fpl$dfix)
    _dfix                                    0x080025f1   Thumb Code    94  dfix.o(x$fpl$dfix)
    __aeabi_i2d                              0x0800264f   Thumb Code     0  dflt_clz.o(x$fpl$dflt)
    _dflt                                    0x0800264f   Thumb Code    46  dflt_clz.o(x$fpl$dflt)
    __aeabi_cdcmple                          0x0800267d   Thumb Code     0  dleqf.o(x$fpl$dleqf)
    _dcmple                                  0x0800267d   Thumb Code   120  dleqf.o(x$fpl$dleqf)
    __fpl_dcmple_InfNaN                      0x080026df   Thumb Code     0  dleqf.o(x$fpl$dleqf)
    __aeabi_dmul                             0x080026f5   Thumb Code     0  dmul.o(x$fpl$dmul)
    _dmul                                    0x080026f5   Thumb Code   332  dmul.o(x$fpl$dmul)
    __fpl_dnaninf                            0x08002849   Thumb Code   156  dnaninf.o(x$fpl$dnaninf)
    __fpl_dretinf                            0x080028e5   Thumb Code    12  dretinf.o(x$fpl$dretinf)
    __aeabi_cdrcmple                         0x080028f1   Thumb Code     0  drleqf.o(x$fpl$drleqf)
    _drcmple                                 0x080028f1   Thumb Code   108  drleqf.o(x$fpl$drleqf)
    __aeabi_drsub                            0x0800295d   Thumb Code     0  daddsub_clz.o(x$fpl$drsb)
    _drsb                                    0x0800295d   Thumb Code    22  daddsub_clz.o(x$fpl$drsb)
    __aeabi_dsub                             0x08002975   Thumb Code     0  daddsub_clz.o(x$fpl$dsub)
    _dsub                                    0x08002975   Thumb Code   464  daddsub_clz.o(x$fpl$dsub)
    _fp_init                                 0x08002b49   Thumb Code    10  fpinit.o(x$fpl$fpinit)
    __fplib_config_fpu_vfp                   0x08002b51   Thumb Code     0  fpinit.o(x$fpl$fpinit)
    __fplib_config_pureend_doubles           0x08002b51   Thumb Code     0  fpinit.o(x$fpl$fpinit)
    __I$use$fp                               0x08002b52   Number         0  usenofp.o(x$fpl$usenofp)
    Region$$Table$$Base                      0x08002b54   Number         0  anon$$obj.o(Region$$Table)
    Image$$ER_IROM1$$RO$$Limit               0x08002b74   Number         0  anon$$obj.o ABSOLUTE
    Image$$ER_IROM1$$RW$$Base                0x08002b74   Number         0  anon$$obj.o ABSOLUTE
    Image$$ER_IROM1$$RW$$Limit               0x08002b74   Number         0  anon$$obj.o ABSOLUTE
    Image$$ER_IROM1$$ZI$$Base                0x08002b74   Number         0  anon$$obj.o ABSOLUTE
    Image$$ER_IROM1$$ZI$$Limit               0x08002b74   Number         0  anon$$obj.o ABSOLUTE
    Load$$RW_IRAM1$$Base                     0x08002b74   Number         0  anon$$obj.o ABSOLUTE
    Region$$Table$$Limit                     0x08002b74   Number         0  anon$$obj.o(Region$$Table)
    Image$$RW_IRAM1$$Base                    0x20000000   Number         0  anon$$obj.o ABSOLUTE
    Image$$RW_IRAM1$$RO$$Base                0x20000000   Number         0  anon$$obj.o ABSOLUTE
    Image$$RW_IRAM1$$RW$$Base                0x20000000   Number         0  anon$$obj.o ABSOLUTE
    number                                   0x20000000   Data          10  fnd.o(.data)
    number_dp                                0x2000000a   Data          10  fnd.o(.data)
    stop_time                                0x20000018   Data           2  main.o(.data)
    state                                    0x2000001c   Data           4  main.o(.data)
    segment_counter                          0x20000020   Data           2  main.o(.data)
    led_counter                              0x20000022   Data           2  main.o(.data)
    digit3                                   0x20000024   Data           1  main.o(.data)
    digit2                                   0x20000025   Data           1  main.o(.data)
    digit1                                   0x20000026   Data           1  main.o(.data)
    digit0                                   0x20000027   Data           1  main.o(.data)
    i                                        0x20000028   Data           4  main.o(.data)
    buzzer_played                            0x2000002c   Data           4  main.o(.data)
    uart_me                                  0x20000030   Data           4  main.o(.data)
    ledstate                                 0x20000034   Data           1  main.o(.data)
    curTicks                                 0x20000038   Data           4  main.o(.data)
    prevTicks                                0x2000003c   Data           4  main.o(.data)
    prevTicks_blink                          0x20000040   Data           4  main.o(.data)
    blink_led                                0x20000044   Data           1  main.o(.data)
    fixed_led                                0x20000045   Data           1  main.o(.data)
    increment                                0x20000048   Data           4  main.o(.data)
    USART2_Buffer_Rx                         0x2000004c   Data          32  main.o(.data)
    Rx2_Counter                              0x2000006c   Data           4  main.o(.data)
    newline_flag                             0x20000070   Data           1  main.o(.data)
    msTicks                                  0x20000074   Data           4  systick.o(.data)
    cnt                                      0x20000078   Data           4  systick.o(.data)
    sec_cnt                                  0x2000007c   Data           4  systick.o(.data)
    xfunc_output                             0x20000080   Data           4  xprintf.o(.data)
    xfunc_input                              0x20000088   Data           4  xprintf.o(.data)
    Image$$RW_IRAM1$$Limit                   0x2000008c   Number         0  anon$$obj.o ABSOLUTE
    Image$$RW_IRAM1$$RW$$Limit               0x2000008c   Number         0  anon$$obj.o ABSOLUTE
    Image$$RW_IRAM1$$ZI$$Base                0x2000008c   Number         0  anon$$obj.o ABSOLUTE
    __libspace_start                         0x2000008c   Data          96  libspace.o(.bss)
    __temporary_stack_top$libspace           0x200000ec   Data           0  libspace.o(.bss)
    Image$$RW_IRAM1$$ZI$$Limit               0x200015f0   Number         0  anon$$obj.o ABSOLUTE



==============================================================================

Memory Map of the image

  Image Entry point : 0x080001c5

  Load Region LR_IROM1 (Base: 0x08000000, Size: 0x00002c00, Max: 0x00080000, ABSOLUTE)

    Execution Region ER_IROM1 (Exec base: 0x08000000, Load base: 0x08000000, Size: 0x00002b74, Max: 0x00080000, ABSOLUTE)

    Exec Addr    Load Addr    Size         Type   Attr      Idx    E Section Name        Object

    0x08000000   0x08000000   0x000001c4   Data   RO            3    RESET               startup_stm32f446xx.o
    0x080001c4   0x080001c4   0x00000008   Code   RO          654  * !!!main             c_w.l(__main.o)
    0x080001cc   0x080001cc   0x00000034   Code   RO          848    !!!scatter          c_w.l(__scatter.o)
    0x08000200   0x08000200   0x0000001a   Code   RO          850    !!handler_copy      c_w.l(__scatter_copy.o)
    0x0800021a   0x0800021a   0x00000002   PAD
    0x0800021c   0x0800021c   0x0000001c   Code   RO          852    !!handler_zi        c_w.l(__scatter_zi.o)
    0x08000238   0x08000238   0x00000002   Code   RO          718    .ARM.Collect$$libinit$$00000000  c_w.l(libinit.o)
    0x0800023a   0x0800023a   0x00000004   Code   RO          724    .ARM.Collect$$libinit$$00000001  c_w.l(libinit2.o)
    0x0800023e   0x0800023e   0x00000000   Code   RO          727    .ARM.Collect$$libinit$$00000004  c_w.l(libinit2.o)
    0x0800023e   0x0800023e   0x00000000   Code   RO          730    .ARM.Collect$$libinit$$0000000A  c_w.l(libinit2.o)
    0x0800023e   0x0800023e   0x00000000   Code   RO          732    .ARM.Collect$$libinit$$0000000C  c_w.l(libinit2.o)
    0x0800023e   0x0800023e   0x00000000   Code   RO          734    .ARM.Collect$$libinit$$0000000E  c_w.l(libinit2.o)
    0x0800023e   0x0800023e   0x00000000   Code   RO          737    .ARM.Collect$$libinit$$00000011  c_w.l(libinit2.o)
    0x0800023e   0x0800023e   0x00000000   Code   RO          739    .ARM.Collect$$libinit$$00000013  c_w.l(libinit2.o)
    0x0800023e   0x0800023e   0x00000000   Code   RO          741    .ARM.Collect$$libinit$$00000015  c_w.l(libinit2.o)
    0x0800023e   0x0800023e   0x00000000   Code   RO          743    .ARM.Collect$$libinit$$00000017  c_w.l(libinit2.o)
    0x0800023e   0x0800023e   0x00000000   Code   RO          745    .ARM.Collect$$libinit$$00000019  c_w.l(libinit2.o)
    0x0800023e   0x0800023e   0x00000000   Code   RO          747    .ARM.Collect$$libinit$$0000001B  c_w.l(libinit2.o)
    0x0800023e   0x0800023e   0x00000000   Code   RO          749    .ARM.Collect$$libinit$$0000001D  c_w.l(libinit2.o)
    0x0800023e   0x0800023e   0x00000000   Code   RO          751    .ARM.Collect$$libinit$$0000001F  c_w.l(libinit2.o)
    0x0800023e   0x0800023e   0x00000000   Code   RO          753    .ARM.Collect$$libinit$$00000021  c_w.l(libinit2.o)
    0x0800023e   0x0800023e   0x00000000   Code   RO          755    .ARM.Collect$$libinit$$00000023  c_w.l(libinit2.o)
    0x0800023e   0x0800023e   0x00000000   Code   RO          757    .ARM.Collect$$libinit$$00000025  c_w.l(libinit2.o)
    0x0800023e   0x0800023e   0x00000000   Code   RO          761    .ARM.Collect$$libinit$$0000002C  c_w.l(libinit2.o)
    0x0800023e   0x0800023e   0x00000000   Code   RO          763    .ARM.Collect$$libinit$$0000002E  c_w.l(libinit2.o)
    0x0800023e   0x0800023e   0x00000000   Code   RO          765    .ARM.Collect$$libinit$$00000030  c_w.l(libinit2.o)
    0x0800023e   0x0800023e   0x00000000   Code   RO          767    .ARM.Collect$$libinit$$00000032  c_w.l(libinit2.o)
    0x0800023e   0x0800023e   0x00000002   Code   RO          768    .ARM.Collect$$libinit$$00000033  c_w.l(libinit2.o)
    0x08000240   0x08000240   0x00000002   Code   RO          788    .ARM.Collect$$libshutdown$$00000000  c_w.l(libshutdown.o)
    0x08000242   0x08000242   0x00000000   Code   RO          801    .ARM.Collect$$libshutdown$$00000002  c_w.l(libshutdown2.o)
    0x08000242   0x08000242   0x00000000   Code   RO          803    .ARM.Collect$$libshutdown$$00000004  c_w.l(libshutdown2.o)
    0x08000242   0x08000242   0x00000000   Code   RO          806    .ARM.Collect$$libshutdown$$00000007  c_w.l(libshutdown2.o)
    0x08000242   0x08000242   0x00000000   Code   RO          809    .ARM.Collect$$libshutdown$$0000000A  c_w.l(libshutdown2.o)
    0x08000242   0x08000242   0x00000000   Code   RO          811    .ARM.Collect$$libshutdown$$0000000C  c_w.l(libshutdown2.o)
    0x08000242   0x08000242   0x00000000   Code   RO          814    .ARM.Collect$$libshutdown$$0000000F  c_w.l(libshutdown2.o)
    0x08000242   0x08000242   0x00000002   Code   RO          815    .ARM.Collect$$libshutdown$$00000010  c_w.l(libshutdown2.o)
    0x08000244   0x08000244   0x00000000   Code   RO          686    .ARM.Collect$$rtentry$$00000000  c_w.l(__rtentry.o)
    0x08000244   0x08000244   0x00000000   Code   RO          695    .ARM.Collect$$rtentry$$00000002  c_w.l(__rtentry2.o)
    0x08000244   0x08000244   0x00000006   Code   RO          707    .ARM.Collect$$rtentry$$00000004  c_w.l(__rtentry4.o)
    0x0800024a   0x0800024a   0x00000000   Code   RO          697    .ARM.Collect$$rtentry$$00000009  c_w.l(__rtentry2.o)
    0x0800024a   0x0800024a   0x00000004   Code   RO          698    .ARM.Collect$$rtentry$$0000000A  c_w.l(__rtentry2.o)
    0x0800024e   0x0800024e   0x00000000   Code   RO          700    .ARM.Collect$$rtentry$$0000000C  c_w.l(__rtentry2.o)
    0x0800024e   0x0800024e   0x00000008   Code   RO          701    .ARM.Collect$$rtentry$$0000000D  c_w.l(__rtentry2.o)
    0x08000256   0x08000256   0x00000002   Code   RO          722    .ARM.Collect$$rtexit$$00000000  c_w.l(rtexit.o)
    0x08000258   0x08000258   0x00000000   Code   RO          770    .ARM.Collect$$rtexit$$00000002  c_w.l(rtexit2.o)
    0x08000258   0x08000258   0x00000004   Code   RO          771    .ARM.Collect$$rtexit$$00000003  c_w.l(rtexit2.o)
    0x0800025c   0x0800025c   0x00000006   Code   RO          772    .ARM.Collect$$rtexit$$00000004  c_w.l(rtexit2.o)
    0x08000262   0x08000262   0x00000002   PAD
    0x08000264   0x08000264   0x00000084   Code   RO            4    .text               startup_stm32f446xx.o
    0x080002e8   0x080002e8   0x0000003e   Code   RO          650    .text               c_w.l(strlen.o)
    0x08000326   0x08000326   0x00000006   Code   RO          652    .text               c_w.l(heapauxi.o)
    0x0800032c   0x0800032c   0x0000004a   Code   RO          709    .text               c_w.l(sys_stackheap_outer.o)
    0x08000376   0x08000376   0x00000012   Code   RO          711    .text               c_w.l(exit.o)
    0x08000388   0x08000388   0x00000008   Code   RO          719    .text               c_w.l(libspace.o)
    0x08000390   0x08000390   0x0000000c   Code   RO          780    .text               c_w.l(sys_exit.o)
    0x0800039c   0x0800039c   0x00000002   Code   RO          791    .text               c_w.l(use_no_semi.o)
    0x0800039e   0x0800039e   0x00000000   Code   RO          793    .text               c_w.l(indicate_semi.o)
    0x0800039e   0x0800039e   0x00000002   PAD
    0x080003a0   0x080003a0   0x000000a8   Code   RO           13    i.Buzzer_Init       buzzer.o
    0x08000448   0x08000448   0x00000012   Code   RO           14    i.Buzzer_Off        buzzer.o
    0x0800045a   0x0800045a   0x00000012   Code   RO           15    i.Buzzer_On         buzzer.o
    0x0800046c   0x0800046c   0x00000028   Code   RO          192    i.Buzzer_PlayCompleteSoun  main.o
    0x08000494   0x08000494   0x00000018   Code   RO           16    i.Buzzer_SetFrequency  buzzer.o
    0x080004ac   0x080004ac   0x00000108   Code   RO          193    i.EXTI2_IRQHandler  main.o
    0x080005b4   0x080005b4   0x00000104   Code   RO          194    i.EXTI4_IRQHandler  main.o
    0x080006b8   0x080006b8   0x00000164   Code   RO           92    i.Fnd_Display       fnd.o
    0x0800081c   0x0800081c   0x00000164   Code   RO           93    i.Fnd_Display_dp    fnd.o
    0x08000980   0x08000980   0x00000340   Code   RO           94    i.Fnd_Initialize    fnd.o
    0x08000cc0   0x08000cc0   0x00000024   Code   RO           96    i.Fnd_Zero          fnd.o
    0x08000ce4   0x08000ce4   0x0000000c   Code   RO          349    i.GetTick           systick.o
    0x08000cf0   0x08000cf0   0x00000060   Code   RO          306    i.HAL_PWREx_EnableOverDrive  sysclock.o
    0x08000d50   0x08000d50   0x000000b0   Code   RO          162    i.Led_Initialize    led.o
    0x08000e00   0x08000e00   0x00000118   Code   RO          163    i.Led_display       led.o
    0x08000f18   0x08000f18   0x0000001c   Code   RO          350    i.SysTick_Delay     systick.o
    0x08000f34   0x08000f34   0x00000118   Code   RO          351    i.SysTick_Handler   systick.o
    0x0800104c   0x0800104c   0x0000008c   Code   RO          352    i.SysTick_Init      systick.o
    0x080010d8   0x080010d8   0x00000120   Code   RO          308    i.System_Clock_Init  sysclock.o
    0x080011f8   0x080011f8   0x0000000c   Code   RO          531    i.TimeDelay         util.o
    0x08001204   0x08001204   0x00000090   Code   RO          402    i.UART_Initialize   uart.o
    0x08001294   0x08001294   0x0000001c   Code   RO          404    i.UART_xGetChar     uart.o
    0x080012b0   0x080012b0   0x0000001c   Code   RO          405    i.UART_xPutChar     uart.o
    0x080012cc   0x080012cc   0x00000014   Code   RO          406    i.USART2_IRQHandler  uart.o
    0x080012e0   0x080012e0   0x000000a0   Code   RO          407    i.USART_IRQHandler  uart.o
    0x08001380   0x08001380   0x00000022   Code   RO          267    i.__NVIC_EnableIRQ  push_button.o
    0x080013a2   0x080013a2   0x00000002   PAD
    0x080013a4   0x080013a4   0x00000280   Code   RO          543    i.ftoa              xprintf.o
    0x08001624   0x08001624   0x000000ac   Code   RO          544    i.i10x              xprintf.o
    0x080016d0   0x080016d0   0x000000e0   Code   RO          545    i.ilog10            xprintf.o
    0x080017b0   0x080017b0   0x00000504   Code   RO          195    i.main              main.o
    0x08001cb4   0x08001cb4   0x0000004c   Code   RO          268    i.pb_initialize     push_button.o
    0x08001d00   0x08001d00   0x0000009c   Code   RO          269    i.pb_interrupt_init  push_button.o
    0x08001d9c   0x08001d9c   0x0000001c   Code   RO          196    i.reset_buffer      main.o
    0x08001db8   0x08001db8   0x00000038   Code   RO          549    i.xfputc            xprintf.o
    0x08001df0   0x08001df0   0x00000014   Code   RO          418    i.xmemset           uart.o
    0x08001e04   0x08001e04   0x00000024   Code   RO          552    i.xprintf           xprintf.o
    0x08001e28   0x08001e28   0x00000320   Code   RO          556    i.xvfprintf         xprintf.o
    0x08002148   0x08002148   0x00000018   Code   RO          656    x$fpl$basic         fz_wm.l(basic.o)
    0x08002160   0x08002160   0x00000150   Code   RO          658    x$fpl$dadd          fz_wm.l(daddsub_clz.o)
    0x080022b0   0x080022b0   0x00000018   Code   RO          687    x$fpl$dcmpinf       fz_wm.l(dcmpi.o)
    0x080022c8   0x080022c8   0x000002b0   Code   RO          665    x$fpl$ddiv          fz_wm.l(ddiv.o)
    0x08002578   0x08002578   0x00000078   Code   RO          668    x$fpl$deqf          fz_wm.l(deqf.o)
    0x080025f0   0x080025f0   0x0000005e   Code   RO          670    x$fpl$dfix          fz_wm.l(dfix.o)
    0x0800264e   0x0800264e   0x0000002e   Code   RO          675    x$fpl$dflt          fz_wm.l(dflt_clz.o)
    0x0800267c   0x0800267c   0x00000078   Code   RO          680    x$fpl$dleqf         fz_wm.l(dleqf.o)
    0x080026f4   0x080026f4   0x00000154   Code   RO          682    x$fpl$dmul          fz_wm.l(dmul.o)
    0x08002848   0x08002848   0x0000009c   Code   RO          689    x$fpl$dnaninf       fz_wm.l(dnaninf.o)
    0x080028e4   0x080028e4   0x0000000c   Code   RO          691    x$fpl$dretinf       fz_wm.l(dretinf.o)
    0x080028f0   0x080028f0   0x0000006c   Code   RO          684    x$fpl$drleqf        fz_wm.l(drleqf.o)
    0x0800295c   0x0800295c   0x00000016   Code   RO          659    x$fpl$drsb          fz_wm.l(daddsub_clz.o)
    0x08002972   0x08002972   0x00000002   PAD
    0x08002974   0x08002974   0x000001d4   Code   RO          660    x$fpl$dsub          fz_wm.l(daddsub_clz.o)
    0x08002b48   0x08002b48   0x0000000a   Code   RO          778    x$fpl$fpinit        fz_wm.l(fpinit.o)
    0x08002b52   0x08002b52   0x00000000   Code   RO          693    x$fpl$usenofp       fz_wm.l(usenofp.o)
    0x08002b52   0x08002b52   0x00000002   PAD
    0x08002b54   0x08002b54   0x00000020   Data   RO          846    Region$$Table       anon$$obj.o


    Execution Region RW_IRAM1 (Exec base: 0x20000000, Load base: 0x08002b74, Size: 0x000015f0, Max: 0x00020000, ABSOLUTE)

    Exec Addr    Load Addr    Size         Type   Attr      Idx    E Section Name        Object

    0x20000000   0x08002b74   0x00000018   Data   RW           99    .data               fnd.o
    0x20000018   0x08002b8c   0x00000059   Data   RW          198    .data               main.o
    0x20000071   0x08002be5   0x00000003   PAD
    0x20000074   0x08002be8   0x0000000c   Data   RW          353    .data               systick.o
    0x20000080   0x08002bf4   0x0000000c   Data   RW          557    .data               xprintf.o
    0x2000008c        -       0x00000060   Zero   RW          720    .bss                c_w.l(libspace.o)
    0x200000ec   0x08002c00   0x00000004   PAD
    0x200000f0        -       0x00000500   Zero   RW            2    HEAP                startup_stm32f446xx.o
    0x200005f0        -       0x00001000   Zero   RW            1    STACK               startup_stm32f446xx.o


==============================================================================

Image component sizes


      Code (inc. data)   RO Data    RW Data    ZI Data      Debug   Object Name

       228         14          0          0          0     578133   buzzer.o
      1580        100          0         24          0       3914   fnd.o
       456         22          0          0          0       1043   led.o
      1876        506          0         89          0       4649   main.o
       266         26          0          0          0       1488   push_button.o
       132         42        452          0       5376        856   startup_stm32f446xx.o
       384         32          0          0          0       1468   sysclock.o
       460         46          0         12          0      32840   systick.o
       400         42          0          0          0      34870   uart.o
        12          0          0          0          0        456   util.o
      1928        110          0         12          0       7058   xprintf.o

    ----------------------------------------------------------------------
      7724        940        484        140       5376     666775   Object Totals
         0          0         32          0          0          0   (incl. Generated)
         2          0          0          3          0          0   (incl. Padding)

    ----------------------------------------------------------------------

      Code (inc. data)   RO Data    RW Data    ZI Data      Debug   Library Member Name

         8          0          0          0          0         68   __main.o
         0          0          0          0          0          0   __rtentry.o
        12          0          0          0          0          0   __rtentry2.o
         6          0          0          0          0          0   __rtentry4.o
        52          8          0          0          0          0   __scatter.o
        26          0          0          0          0          0   __scatter_copy.o
        28          0          0          0          0          0   __scatter_zi.o
        18          0          0          0          0         80   exit.o
         6          0          0          0          0        152   heapauxi.o
         0          0          0          0          0          0   indicate_semi.o
         2          0          0          0          0          0   libinit.o
         6          0          0          0          0          0   libinit2.o
         2          0          0          0          0          0   libshutdown.o
         2          0          0          0          0          0   libshutdown2.o
         8          4          0          0         96         68   libspace.o
         2          0          0          0          0          0   rtexit.o
        10          0          0          0          0          0   rtexit2.o
        62          0          0          0          0         76   strlen.o
        12          4          0          0          0         68   sys_exit.o
        74          0          0          0          0         80   sys_stackheap_outer.o
         2          0          0          0          0         68   use_no_semi.o
        24          0          0          0          0        164   basic.o
       826         16          0          0          0        492   daddsub_clz.o
        24          0          0          0          0        116   dcmpi.o
       688        140          0          0          0        256   ddiv.o
       120          4          0          0          0        140   deqf.o
        94          4          0          0          0        140   dfix.o
        46          0          0          0          0        116   dflt_clz.o
       120          4          0          0          0        140   dleqf.o
       340         12          0          0          0        152   dmul.o
       156          4          0          0          0        140   dnaninf.o
        12          0          0          0          0        116   dretinf.o
       108          0          0          0          0        128   drleqf.o
        10          0          0          0          0        116   fpinit.o
         0          0          0          0          0          0   usenofp.o

    ----------------------------------------------------------------------
      2916        200          0          0        100       2876   Library Totals
        10          0          0          0          4          0   (incl. Padding)

    ----------------------------------------------------------------------

      Code (inc. data)   RO Data    RW Data    ZI Data      Debug   Library Name

       338         16          0          0         96        660   c_w.l
      2568        184          0          0          0       2216   fz_wm.l

    ----------------------------------------------------------------------
      2916        200          0          0        100       2876   Library Totals

    ----------------------------------------------------------------------

==============================================================================


      Code (inc. data)   RO Data    RW Data    ZI Data      Debug   

     10640       1140        484        140       5476     664943   Grand Totals
     10640       1140        484        140       5476     664943   ELF Image Totals
     10640       1140        484        140          0          0   ROM Totals

==============================================================================

    Total RO  Size (Code + RO Data)                11124 (  10.86kB)
    Total RW  Size (RW Data + ZI Data)              5616 (   5.48kB)
    Total ROM Size (Code + RO Data + RW Data)      11264 (  11.00kB)

==============================================================================

